stm32wbxx_ll_bus.h:539:22:LL_AHB2_GRP1_EnableClock	24	static
stm32wbxx_ll_bus.h:939:22:LL_APB1_GRP1_EnableClock	24	static
stm32wbxx_ll_bus.h:1038:22:LL_APB1_GRP1_DisableClock	16	static
usbd_conf.c:72:6:HAL_PCD_MspInit	40	static
usbd_conf.c:118:6:HAL_PCD_MspDeInit	16	static
usbd_conf.c:155:6:HAL_PCD_SetupStageCallback	16	static
usbd_conf.c:176:6:HAL_PCD_DataOutStageCallback	16	static
usbd_conf.c:197:6:HAL_PCD_DataInStageCallback	16	static
usbd_conf.c:217:6:HAL_PCD_SOFCallback	16	static
usbd_conf.c:237:6:HAL_PCD_ResetCallback	24	static
usbd_conf.c:268:6:HAL_PCD_SuspendCallback	16	static
usbd_conf.c:298:6:HAL_PCD_ResumeCallback	16	static
usbd_conf.c:329:6:HAL_PCD_ISOOUTIncompleteCallback	16	static
usbd_conf.c:350:6:HAL_PCD_ISOINIncompleteCallback	16	static
usbd_conf.c:370:6:HAL_PCD_ConnectCallback	16	static
usbd_conf.c:390:6:HAL_PCD_DisconnectCallback	16	static
usbd_conf.c:415:20:USBD_LL_Init	16	static
usbd_conf.c:477:20:USBD_LL_DeInit	24	static
usbd_conf.c:494:20:USBD_LL_Start	24	static
usbd_conf.c:511:20:USBD_LL_Stop	24	static
usbd_conf.c:531:20:USBD_LL_OpenEP	24	static
usbd_conf.c:549:20:USBD_LL_CloseEP	24	static
usbd_conf.c:567:20:USBD_LL_FlushEP	24	static
usbd_conf.c:585:20:USBD_LL_StallEP	24	static
usbd_conf.c:603:20:USBD_LL_ClearStallEP	24	static
usbd_conf.c:621:9:USBD_LL_IsStallEP	24	static
usbd_conf.c:641:20:USBD_LL_SetUSBAddress	24	static
usbd_conf.c:661:20:USBD_LL_Transmit	32	static
usbd_conf.c:681:20:USBD_LL_PrepareReceive	32	static
usbd_conf.c:699:10:USBD_LL_GetRxDataSize	16	static
usbd_conf.c:713:6:HAL_PCDEx_LPM_Callback	16	static
usbd_conf.c:749:6:USBD_LL_Delay	16	static
usbd_conf.c:759:7:USBD_static_malloc	16	static
usbd_conf.c:770:6:USBD_static_free	16	static
usbd_conf.c:781:13:SystemClockConfig_Resume	8	static
usbd_conf.c:792:20:USBD_Get_USB_Status	24	static
