usbd_conf.c:797:20:USBD_Get_USB_Status	0	static
usbd_conf.c:786:13:SystemClockConfig_Resume	8	static
usbd_conf.c:72:6:HAL_PCD_MspInit	56	static
usbd_conf.c:118:6:HAL_PCD_MspDeInit	8	static
usbd_conf.c:155:6:HAL_PCD_SetupStageCallback	8	static
usbd_conf.c:176:6:HAL_PCD_DataOutStageCallback	8	static
usbd_conf.c:197:6:HAL_PCD_DataInStageCallback	8	static
usbd_conf.c:217:6:HAL_PCD_SOFCallback	8	static
usbd_conf.c:237:6:HAL_PCD_ResetCallback	8	static
usbd_conf.c:268:6:HAL_PCD_SuspendCallback	8	static
usbd_conf.c:298:6:HAL_PCD_ResumeCallback	8	static
usbd_conf.c:329:6:HAL_PCD_ISOOUTIncompleteCallback	8	static
usbd_conf.c:350:6:HAL_PCD_ISOINIncompleteCallback	8	static
usbd_conf.c:370:6:HAL_PCD_ConnectCallback	8	static
usbd_conf.c:390:6:HAL_PCD_DisconnectCallback	8	static
usbd_conf.c:415:20:USBD_LL_Init	16	static
usbd_conf.c:482:20:USBD_LL_DeInit	8	static
usbd_conf.c:499:20:USBD_LL_Start	8	static
usbd_conf.c:516:20:USBD_LL_Stop	8	static
usbd_conf.c:536:20:USBD_LL_OpenEP	8	static
usbd_conf.c:554:20:USBD_LL_CloseEP	8	static
usbd_conf.c:572:20:USBD_LL_FlushEP	8	static
usbd_conf.c:590:20:USBD_LL_StallEP	8	static
usbd_conf.c:608:20:USBD_LL_ClearStallEP	8	static
usbd_conf.c:626:9:USBD_LL_IsStallEP	0	static
usbd_conf.c:646:20:USBD_LL_SetUSBAddress	8	static
usbd_conf.c:666:20:USBD_LL_Transmit	8	static
usbd_conf.c:686:20:USBD_LL_PrepareReceive	8	static
usbd_conf.c:704:10:USBD_LL_GetRxDataSize	8	static
usbd_conf.c:718:6:HAL_PCDEx_LPM_Callback	8	static
usbd_conf.c:754:6:USBD_LL_Delay	8	static
usbd_conf.c:764:7:USBD_static_malloc	0	static
usbd_conf.c:775:6:USBD_static_free	0	static
