Archive member included to satisfy reference by file (symbol)

/Users/chwalek/dev/captivatesEnv/Middlewares/bsec_2_2_0_0/algo/normal_version/bin/gcc/Cortex_M4F/libalgobsec.a(bsec_interface.o)
                              ./Middlewares/STM32_BME680/Adafruit_BME680.o (bsec_get_version)
/Users/chwalek/dev/captivatesEnv/Middlewares/bsec_2_2_0_0/algo/normal_version/bin/gcc/Cortex_M4F/libalgobsec.a(bsec_codegen_do_steps.o)
                              /Users/chwalek/dev/captivatesEnv/Middlewares/bsec_2_2_0_0/algo/normal_version/bin/gcc/Cortex_M4F/libalgobsec.a(bsec_interface.o) (bsec_codegen_do_steps)
/Users/chwalek/dev/captivatesEnv/Middlewares/bsec_2_2_0_0/algo/normal_version/bin/gcc/Cortex_M4F/libalgobsec.a(bsec_codegen_get_configuration.o)
                              /Users/chwalek/dev/captivatesEnv/Middlewares/bsec_2_2_0_0/algo/normal_version/bin/gcc/Cortex_M4F/libalgobsec.a(bsec_interface.o) (bsec_codegen_get_configuration)
/Users/chwalek/dev/captivatesEnv/Middlewares/bsec_2_2_0_0/algo/normal_version/bin/gcc/Cortex_M4F/libalgobsec.a(bsec_codegen_get_state.o)
                              /Users/chwalek/dev/captivatesEnv/Middlewares/bsec_2_2_0_0/algo/normal_version/bin/gcc/Cortex_M4F/libalgobsec.a(bsec_interface.o) (bsec_codegen_get_state)
/Users/chwalek/dev/captivatesEnv/Middlewares/bsec_2_2_0_0/algo/normal_version/bin/gcc/Cortex_M4F/libalgobsec.a(bsec_codegen_get_version.o)
                              /Users/chwalek/dev/captivatesEnv/Middlewares/bsec_2_2_0_0/algo/normal_version/bin/gcc/Cortex_M4F/libalgobsec.a(bsec_interface.o) (bsec_codegen_get_version)
/Users/chwalek/dev/captivatesEnv/Middlewares/bsec_2_2_0_0/algo/normal_version/bin/gcc/Cortex_M4F/libalgobsec.a(bsec_codegen_init.o)
                              /Users/chwalek/dev/captivatesEnv/Middlewares/bsec_2_2_0_0/algo/normal_version/bin/gcc/Cortex_M4F/libalgobsec.a(bsec_interface.o) (bsec_codegen_init)
/Users/chwalek/dev/captivatesEnv/Middlewares/bsec_2_2_0_0/algo/normal_version/bin/gcc/Cortex_M4F/libalgobsec.a(bsec_codegen_reset_output.o)
                              /Users/chwalek/dev/captivatesEnv/Middlewares/bsec_2_2_0_0/algo/normal_version/bin/gcc/Cortex_M4F/libalgobsec.a(bsec_interface.o) (bsec_codegen_reset_output)
/Users/chwalek/dev/captivatesEnv/Middlewares/bsec_2_2_0_0/algo/normal_version/bin/gcc/Cortex_M4F/libalgobsec.a(bsec_codegen_sensor_control.o)
                              /Users/chwalek/dev/captivatesEnv/Middlewares/bsec_2_2_0_0/algo/normal_version/bin/gcc/Cortex_M4F/libalgobsec.a(bsec_interface.o) (bsec_codegen_sensor_control)
/Users/chwalek/dev/captivatesEnv/Middlewares/bsec_2_2_0_0/algo/normal_version/bin/gcc/Cortex_M4F/libalgobsec.a(bsec_codegen_set_configuration.o)
                              /Users/chwalek/dev/captivatesEnv/Middlewares/bsec_2_2_0_0/algo/normal_version/bin/gcc/Cortex_M4F/libalgobsec.a(bsec_interface.o) (bsec_codegen_set_configuration)
/Users/chwalek/dev/captivatesEnv/Middlewares/bsec_2_2_0_0/algo/normal_version/bin/gcc/Cortex_M4F/libalgobsec.a(bsec_codegen_set_state.o)
                              /Users/chwalek/dev/captivatesEnv/Middlewares/bsec_2_2_0_0/algo/normal_version/bin/gcc/Cortex_M4F/libalgobsec.a(bsec_interface.o) (bsec_codegen_set_state)
/Users/chwalek/dev/captivatesEnv/Middlewares/bsec_2_2_0_0/algo/normal_version/bin/gcc/Cortex_M4F/libalgobsec.a(bsec_codegen_update_subscription.o)
                              /Users/chwalek/dev/captivatesEnv/Middlewares/bsec_2_2_0_0/algo/normal_version/bin/gcc/Cortex_M4F/libalgobsec.a(bsec_interface.o) (bsec_codegen_update_subscription)
/Users/chwalek/dev/captivatesEnv/Middlewares/bsec_2_2_0_0/algo/normal_version/bin/gcc/Cortex_M4F/libalgobsec.a(constructor_bsec.o)
                              /Users/chwalek/dev/captivatesEnv/Middlewares/bsec_2_2_0_0/algo/normal_version/bin/gcc/Cortex_M4F/libalgobsec.a(bsec_codegen_init.o) (bsec_constructor_bsec)
/Users/chwalek/dev/captivatesEnv/Middlewares/bsec_2_2_0_0/algo/normal_version/bin/gcc/Cortex_M4F/libalgobsec.a(rem.o)
                              /Users/chwalek/dev/captivatesEnv/Middlewares/bsec_2_2_0_0/algo/normal_version/bin/gcc/Cortex_M4F/libalgobsec.a(bsec_codegen_sensor_control.o) (bsec_rem)
/Users/chwalek/dev/captivatesEnv/Middlewares/bsec_2_2_0_0/algo/normal_version/bin/gcc/Cortex_M4F/libalgobsec.a(Bsec.o)
                              /Users/chwalek/dev/captivatesEnv/Middlewares/bsec_2_2_0_0/algo/normal_version/bin/gcc/Cortex_M4F/libalgobsec.a(bsec_codegen_get_configuration.o) (bsec_Bsec_append)
/Users/chwalek/dev/captivatesEnv/Middlewares/bsec_2_2_0_0/algo/normal_version/bin/gcc/Cortex_M4F/libalgobsec.a(ChannelHub.o)
                              /Users/chwalek/dev/captivatesEnv/Middlewares/bsec_2_2_0_0/algo/normal_version/bin/gcc/Cortex_M4F/libalgobsec.a(constructor_bsec.o) (bsec_ChannelHub_ChannelHub)
/Users/chwalek/dev/captivatesEnv/Middlewares/bsec_2_2_0_0/algo/normal_version/bin/gcc/Cortex_M4F/libalgobsec.a(Entity.o)
[...]
Memory Configuration

Name             Origin             Length             Attributes
FLASH            0x0000000008000000 0x0000000000080000 xr
RAM1             0x0000000020000004 0x000000000002fffc xrw
RAM_SHARED       0x0000000020030000 0x0000000000002800 xrw
*default*        0x0000000000000000 0xffffffffffffffff

Linker script and memory map

LOAD /Applications/STM32CubeIDE.app/Contents/Eclipse/plugins/com.st.stm32cube.ide.mcu.externaltools.gnu-tools-for-stm32.9-2020-q2-update.macos64_2.0.0.202105311346/tools/bin/../lib/gcc/arm-none-eabi/9.3.1/thumb/v7e-m+fp/hard/crti.o
LOAD /Applications/STM32CubeIDE.app/Contents/Eclipse/plugins/com.st.stm32cube.ide.mcu.externaltools.gnu-tools-for-stm32.9-2020-q2-update.macos64_2.0.0.202105311346/tools/bin/../lib/gcc/arm-none-eabi/9.3.1/thumb/v7e-m+fp/hard/crtbegin.o
LOAD /Applications/STM32CubeIDE.app/Contents/Eclipse/plugins/com.st.stm32cube.ide.mcu.externaltools.gnu-tools-for-stm32.9-2020-q2-update.macos64_2.0.0.202105311346/tools/bin/../lib/gcc/arm-none-eabi/9.3.1/../../../../arm-none-eabi/lib/thumb/v7e-m+fp/hard/crt0.o
LOAD ./Core/Src/adc.o
LOAD ./Core/Src/app_debug.o
LOAD ./Core/Src/app_entry.o
LOAD ./Core/Src/app_freertos.o
LOAD ./Core/Src/blink.o
LOAD ./Core/Src/bme.o
LOAD ./Core/Src/circular_buffer.o
LOAD ./Core/Src/dma.o
LOAD ./Core/Src/fram.o
LOAD ./Core/Src/freertos_port.o
LOAD ./Core/Src/gpio.o
LOAD ./Core/Src/hw_timerserver.o
LOAD ./Core/Src/i2c.o
LOAD ./Core/Src/imu.o
LOAD ./Core/Src/ipcc.o
LOAD ./Core/Src/led.o
LOAD ./Core/Src/lp5523.o
LOAD ./Core/Src/lux.o
LOAD ./Core/Src/main.o
LOAD ./Core/Src/mic.o
LOAD ./Core/Src/packet.o
LOAD ./Core/Src/rf.o
LOAD ./Core/Src/rtc.o
LOAD ./Core/Src/sai.o
LOAD ./Core/Src/sgp.o
LOAD ./Core/Src/sht.o
LOAD ./Core/Src/spectrometer.o
LOAD ./Core/Src/spi.o
LOAD ./Core/Src/stm32_lpm_if.o
LOAD ./Core/Src/stm32wbxx_hal_msp.o
LOAD ./Core/Src/stm32wbxx_hal_timebase_tim.o
LOAD ./Core/Src/stm32wbxx_it.o
LOAD ./Core/Src/syscalls.o
LOAD ./Core/Src/sysmem.o
LOAD ./Core/Src/system_stm32wbxx.o
LOAD ./Core/Src/thermopile.o
LOAD ./Core/Src/tim.o
LOAD ./Core/Startup/startup_stm32wb5mmghx.o
LOAD ./Drivers/STM32WBxx_HAL_Driver/Src/stm32wbxx_hal.o
LOAD ./Drivers/STM32WBxx_HAL_Driver/Src/stm32wbxx_hal_adc.o
LOAD ./Drivers/STM32WBxx_HAL_Driver/Src/stm32wbxx_hal_adc_ex.o
LOAD ./Drivers/STM32WBxx_HAL_Driver/Src/stm32wbxx_hal_cortex.o
LOAD ./Drivers/STM32WBxx_HAL_Driver/Src/stm32wbxx_hal_dma.o
LOAD ./Drivers/STM32WBxx_HAL_Driver/Src/stm32wbxx_hal_dma_ex.o
LOAD ./Drivers/STM32WBxx_HAL_Driver/Src/stm32wbxx_hal_exti.o
LOAD ./Drivers/STM32WBxx_HAL_Driver/Src/stm32wbxx_hal_flash.o
LOAD ./Drivers/STM32WBxx_HAL_Driver/Src/stm32wbxx_hal_flash_ex.o
LOAD ./Drivers/STM32WBxx_HAL_Driver/Src/stm32wbxx_hal_gpio.o
LOAD ./Drivers/STM32WBxx_HAL_Driver/Src/stm32wbxx_hal_hsem.o
LOAD ./Drivers/STM32WBxx_HAL_Driver/Src/stm32wbxx_hal_i2c.o
LOAD ./Drivers/STM32WBxx_HAL_Driver/Src/stm32wbxx_hal_i2c_ex.o
LOAD ./Drivers/STM32WBxx_HAL_Driver/Src/stm32wbxx_hal_ipcc.o
LOAD ./Drivers/STM32WBxx_HAL_Driver/Src/stm32wbxx_hal_pcd.o
LOAD ./Drivers/STM32WBxx_HAL_Driver/Src/stm32wbxx_hal_pcd_ex.o
LOAD ./Drivers/STM32WBxx_HAL_Driver/Src/stm32wbxx_hal_pwr.o
LOAD ./Drivers/STM32WBxx_HAL_Driver/Src/stm32wbxx_hal_pwr_ex.o
LOAD ./Drivers/STM32WBxx_HAL_Driver/Src/stm32wbxx_hal_rcc.o
LOAD ./Drivers/STM32WBxx_HAL_Driver/Src/stm32wbxx_hal_rcc_ex.o
LOAD ./Drivers/STM32WBxx_HAL_Driver/Src/stm32wbxx_hal_rtc.o
LOAD ./Drivers/STM32WBxx_HAL_Driver/Src/stm32wbxx_hal_rtc_ex.o
LOAD ./Drivers/STM32WBxx_HAL_Driver/Src/stm32wbxx_hal_sai.o
LOAD ./Drivers/STM32WBxx_HAL_Driver/Src/stm32wbxx_hal_sai_ex.o
LOAD ./Drivers/STM32WBxx_HAL_Driver/Src/stm32wbxx_hal_spi.o
LOAD ./Drivers/STM32WBxx_HAL_Driver/Src/stm32wbxx_hal_spi_ex.o
LOAD ./Drivers/STM32WBxx_HAL_Driver/Src/stm32wbxx_hal_tim.o
LOAD ./Drivers/STM32WBxx_HAL_Driver/Src/stm32wbxx_hal_tim_ex.o
LOAD ./Drivers/STM32WBxx_HAL_Driver/Src/stm32wbxx_ll_adc.o
LOAD ./Drivers/STM32WBxx_HAL_Driver/Src/stm32wbxx_ll_usb.o
LOAD ./Middlewares/ST/STM32_USB_Device_Library/Class/DFU/Src/usbd_dfu.o
LOAD ./Middlewares/ST/STM32_USB_Device_Library/Core/Src/usbd_core.o
LOAD ./Middlewares/ST/STM32_USB_Device_Library/Core/Src/usbd_ctlreq.o
LOAD ./Middlewares/ST/STM32_USB_Device_Library/Core/Src/usbd_ioreq.o
LOAD ./Middlewares/ST/STM32_WPAN/ble/core/auto/ble_gap_aci.o
LOAD ./Middlewares/ST/STM32_WPAN/ble/core/auto/ble_gatt_aci.o
LOAD ./Middlewares/ST/STM32_WPAN/ble/core/auto/ble_hal_aci.o
LOAD ./Middlewares/ST/STM32_WPAN/ble/core/auto/ble_hci_le.o
LOAD ./Middlewares/ST/STM32_WPAN/ble/core/auto/ble_l2cap_aci.o
LOAD ./Middlewares/ST/STM32_WPAN/ble/core/template/osal.o
LOAD ./Middlewares/ST/STM32_WPAN/ble/svc/Src/dis.o
LOAD ./Middlewares/ST/STM32_WPAN/ble/svc/Src/hrs.o
LOAD ./Middlewares/ST/STM32_WPAN/ble/svc/Src/svc_ctl.o
LOAD ./Middlewares/ST/STM32_WPAN/interface/patterns/ble_thread/shci/shci.o
LOAD ./Middlewares/ST/STM32_WPAN/interface/patterns/ble_thread/tl/hci_tl.o
LOAD ./Middlewares/ST/STM32_WPAN/interface/patterns/ble_thread/tl/hci_tl_if.o
LOAD ./Middlewares/ST/STM32_WPAN/interface/patterns/ble_thread/tl/shci_tl.o
LOAD ./Middlewares/ST/STM32_WPAN/interface/patterns/ble_thread/tl/shci_tl_if.o
LOAD ./Middlewares/ST/STM32_WPAN/interface/patterns/ble_thread/tl/tl_mbox.o
LOAD ./Middlewares/ST/STM32_WPAN/utilities/dbg_trace.o
LOAD ./Middlewares/ST/STM32_WPAN/utilities/otp.o
LOAD ./Middlewares/ST/STM32_WPAN/utilities/stm_list.o
LOAD ./Middlewares/ST/STM32_WPAN/utilities/stm_queue.o
LOAD ./Middlewares/STM32_AS7341/Adafruit_AS7341.o
LOAD ./Middlewares/STM32_AdafruitSensor/Adafruit_Sensor.o
LOAD ./Middlewares/STM32_BME680/Adafruit_BME680.o
LOAD ./Middlewares/STM32_BME680/bme68x.o
LOAD ./Middlewares/STM32_Calipile/CaliPile.o
LOAD ./Middlewares/STM32_ICM20948/Adafruit_ICM20948.o
LOAD ./Middlewares/STM32_ICM20948/Adafruit_ICM20X.o
LOAD ./Middlewares/STM32_SGP41/SensirionI2CSgp41.o
LOAD ./Middlewares/STM32_SHT4X/Adafruit_SHT4x.o
LOAD ./Middlewares/STM32_TSL2772/TSL2772.o
LOAD ./Middlewares/Sensirion_Core/src/SensirionCrc.o
LOAD ./Middlewares/Sensirion_Core/src/SensirionErrors.o
LOAD ./Middlewares/Sensirion_Core/src/SensirionI2CCommunication.o
LOAD ./Middlewares/Sensirion_Core/src/SensirionI2CTxFrame.o
LOAD ./Middlewares/Sensirion_Core/src/SensirionRxFrame.o
LOAD ./Middlewares/Third_Party/FreeRTOS/Source/CMSIS_RTOS_V2/cmsis_os2.o
LOAD ./Middlewares/Third_Party/FreeRTOS/Source/croutine.o
LOAD ./Middlewares/Third_Party/FreeRTOS/Source/event_groups.o
LOAD ./Middlewares/Third_Party/FreeRTOS/Source/list.o
LOAD ./Middlewares/Third_Party/FreeRTOS/Source/queue.o
LOAD ./Middlewares/Third_Party/FreeRTOS/Source/stream_buffer.o
LOAD ./Middlewares/Third_Party/FreeRTOS/Source/tasks.o
LOAD ./Middlewares/Third_Party/FreeRTOS/Source/timers.o
LOAD ./Middlewares/Third_Party/FreeRTOS/Source/portable/GCC/ARM_CM4F/port.o
LOAD ./Middlewares/Third_Party/FreeRTOS/Source/portable/MemMang/heap_4.o
LOAD ./Middlewares/bsec_2_2_0_0/config/Default_H2S_NonH2S/Default_H2S_NonH2S.o
LOAD ./Middlewares/bsec_2_2_0_0/config/FieldAir_HandSanitizer/FieldAir_HandSanitizer.o
LOAD ./Middlewares/bsec_2_2_0_0/config/bsec_sel_iaq_33v_3s_28d/bsec_serialized_configurations_selectivity.o
LOAD ./Middlewares/gas-index-algorithm/sensirion_gas_index_algorithm/sensirion_gas_index_algorithm.o
LOAD ./STM32_WPAN/App/app_ble.o
LOAD ./STM32_WPAN/App/dis_app.o
LOAD ./STM32_WPAN/App/dt_client_app.o
LOAD ./STM32_WPAN/App/dt_server_app.o
LOAD ./STM32_WPAN/App/dts.o
LOAD ./STM32_WPAN/App/hrs_app.o
LOAD ./STM32_WPAN/Target/hw_ipcc.o
LOAD ./USB_Device/App/usb_device.o
LOAD ./USB_Device/App/usbd_desc.o
LOAD ./USB_Device/App/usbd_dfu_flash.o
LOAD ./USB_Device/Target/usbd_conf.o
LOAD ./Utilities/lpm/tiny_lpm/stm32_lpm.o
LOAD /Users/chwalek/dev/captivatesEnv/Drivers/CMSIS/DSP/Lib/GCC/libarm_cortexM4lf_math.a
LOAD /Users/chwalek/dev/captivatesEnv/Middlewares/bsec_2_2_0_0/algo/normal_version/bin/gcc/Cortex_M4F/libalgobsec.a
START GROUP
LOAD /Applications/STM32CubeIDE.app/Contents/Eclipse/plugins/com.st.stm32cube.ide.mcu.externaltools.gnu-tools-for-stm32.9-2020-q2-update.macos64_2.0.0.202105311346/tools/bin/../lib/gcc/arm-none-eabi/9.3.1/../../../../arm-none-eabi/lib/thumb/v7e-m+fp/hard/libstdc++_nano.a
LOAD /Applications/STM32CubeIDE.app/Contents/Eclipse/plugins/com.st.stm32cube.ide.mcu.externaltools.gnu-tools-for-stm32.9-2020-q2-update.macos64_2.0.0.202105311346/tools/bin/../lib/gcc/arm-none-eabi/9.3.1/../../../../arm-none-eabi/lib/thumb/v7e-m+fp/hard/libsupc++_nano.a
END GROUP
LOAD /Applications/STM32CubeIDE.app/Contents/Eclipse/plugins/com.st.stm32cube.ide.mcu.externaltools.gnu-tools-for-stm32.9-2020-q2-update.macos64_2.0.0.202105311346/tools/bin/../lib/gcc/arm-none-eabi/9.3.1/../../../../arm-none-eabi/lib/thumb/v7e-m+fp/hard/libstdc++_nano.a
LOAD /Applications/STM32CubeIDE.app/Contents/Eclipse/plugins/com.st.stm32cube.ide.mcu.externaltools.gnu-tools-for-stm32.9-2020-q2-update.macos64_2.0.0.202105311346/tools/bin/../lib/gcc/arm-none-eabi/9.3.1/../../../../arm-none-eabi/lib/thumb/v7e-m+fp/hard/libm.a
LOAD /Applications/STM32CubeIDE.app/Contents/Eclipse/plugins/com.st.stm32cube.ide.mcu.externaltools.gnu-tools-for-stm32.9-2020-q2-update.macos64_2.0.0.202105311346/tools/bin/../lib/gcc/arm-none-eabi/9.3.1/../../../../arm-none-eabi/lib/thumb/v7e-m+fp/hard/libc_nano.a
START GROUP
LOAD /Applications/STM32CubeIDE.app/Contents/Eclipse/plugins/com.st.stm32cube.ide.mcu.externaltools.gnu-tools-for-stm32.9-2020-q2-update.macos64_2.0.0.202105311346/tools/bin/../lib/gcc/arm-none-eabi/9.3.1/thumb/v7e-m+fp/hard/libgcc.a
LOAD /Applications/STM32CubeIDE.app/Contents/Eclipse/plugins/com.st.stm32cube.ide.mcu.externaltools.gnu-tools-for-stm32.9-2020-q2-update.macos64_2.0.0.202105311346/tools/bin/../lib/gcc/arm-none-eabi/9.3.1/../../../../arm-none-eabi/lib/thumb/v7e-m+fp/hard/libc_nano.a
END GROUP
START GROUP
LOAD /Applications/STM32CubeIDE.app/Contents/Eclipse/plugins/com.st.stm32cube.ide.mcu.externaltools.gnu-tools-for-stm32.9-2020-q2-update.macos64_2.0.0.202105311346/tools/bin/../lib/gcc/arm-none-eabi/9.3.1/thumb/v7e-m+fp/hard/libgcc.a
LOAD /Applications/STM32CubeIDE.app/Contents/Eclipse/plugins/com.st.stm32cube.ide.mcu.externaltools.gnu-tools-for-stm32.9-2020-q2-update.macos64_2.0.0.202105311346/tools/bin/../lib/gcc/arm-none-eabi/9.3.1/../../../../arm-none-eabi/lib/thumb/v7e-m+fp/hard/libc_nano.a
LOAD /Applications/STM32CubeIDE.app/Contents/Eclipse/plugins/com.st.stm32cube.ide.mcu.externaltools.gnu-tools-for-stm32.9-2020-q2-update.macos64_2.0.0.202105311346/tools/bin/../lib/gcc/arm-none-eabi/9.3.1/../../../../arm-none-eabi/lib/thumb/v7e-m+fp/hard/libnosys.a
END GROUP
START GROUP
LOAD /Applications/STM32CubeIDE.app/Contents/Eclipse/plugins/com.st.stm32cube.ide.mcu.externaltools.gnu-tools-for-stm32.9-2020-q2-update.macos64_2.0.0.202105311346/tools/bin/../lib/gcc/arm-none-eabi/9.3.1/thumb/v7e-m+fp/hard/libgcc.a
LOAD /Applications/STM32CubeIDE.app/Contents/Eclipse/plugins/com.st.stm32cube.ide.mcu.externaltools.gnu-tools-for-stm32.9-2020-q2-update.macos64_2.0.0.202105311346/tools/bin/../lib/gcc/arm-none-eabi/9.3.1/../../../../arm-none-eabi/lib/thumb/v7e-m+fp/hard/libc_nano.a
LOAD /Applications/STM32CubeIDE.app/Contents/Eclipse/plugins/com.st.stm32cube.ide.mcu.externaltools.gnu-tools-for-stm32.9-2020-q2-update.macos64_2.0.0.202105311346/tools/bin/../lib/gcc/arm-none-eabi/9.3.1/../../../../arm-none-eabi/lib/thumb/v7e-m+fp/hard/libnosys.a
END GROUP
LOAD /Applications/STM32CubeIDE.app/Contents/Eclipse/plugins/com.st.stm32cube.ide.mcu.externaltools.gnu-tools-for-stm32.9-2020-q2-update.macos64_2.0.0.202105311346/tools/bin/../lib/gcc/arm-none-eabi/9.3.1/thumb/v7e-m+fp/hard/crtend.o
LOAD /Applications/STM32CubeIDE.app/Contents/Eclipse/plugins/com.st.stm32cube.ide.mcu.externaltools.gnu-tools-for-stm32.9-2020-q2-update.macos64_2.0.0.202105311346/tools/bin/../lib/gcc/arm-none-eabi/9.3.1/thumb/v7e-m+fp/hard/crtn.o
                0x0000000020030000                _estack = (ORIGIN (RAM1) + LENGTH (RAM1))
                0x0000000000000200                _Min_Heap_Size = 0x200
                0x0000000000000400                _Min_Stack_Size = 0x400

.isr_vector     0x0000000008000000      0x13c
                0x0000000008000000                . = ALIGN (0x4)
 *(.isr_vector)
 .isr_vector    0x0000000008000000      0x13c ./Core/Startup/startup_stm32wb5mmghx.o
                0x0000000008000000                g_pfnVectors
                0x000000000800013c                . = ALIGN (0x4)

.text           0x0000000008000140    0x1a3b4
                0x0000000008000140                . = ALIGN (0x4)
 *(.text)
 .text          0x0000000008000140       0x40 /Applications/STM32CubeIDE.app/Contents/Eclipse/plugins/com.st.stm32cube.ide.mcu.externaltools.gnu-tools-for-stm32.9-2020-q2-update.macos64_2.0.0.202105311346/tools/bin/../lib/gcc/arm-none-eabi/9.3.1/thumb/v7e-m+fp/hard/crtbegin.o
 .text          0x0000000008000180       0x10 /Applications/STM32CubeIDE.app/Contents/Eclipse/plugins/com.st.stm32cube.ide.mcu.externaltools.gnu-tools-for-stm32.9-2020-q2-update.macos64_2.0.0.202105311346/tools/bin/../lib/gcc/arm-none-eabi/9.3.1/../../../../arm-none-eabi/lib/thumb/v7e-m+fp/hard/libc_nano.a(lib_a-strlen.o)
                0x0000000008000180                strlen
 .text          0x0000000008000190      0x378 /Applications/STM32CubeIDE.app/Contents/Eclipse/plugins/com.st.stm32cube.ide.mcu.externaltools.gnu-tools-for-stm32.9-2020-q2-update.macos64_2.0.0.202105311346/tools/bin/../lib/gcc/arm-none-eabi/9.3.1/thumb/v7e-m+fp/hard/libgcc.a(_arm_addsubdf3.o)
                0x0000000008000190                __aeabi_drsub
                0x0000000008000198                __subdf3
                0x0000000008000198                __aeabi_dsub
                0x000000000800019c                __aeabi_dadd
                0x000000000800019c                __adddf3
                0x0000000008000414                __aeabi_ui2d
                0x0000000008000414                __floatunsidf
                0x0000000008000434                __floatsidf
                0x0000000008000434                __aeabi_i2d
                0x0000000008000458                __extendsfdf2
                0x0000000008000458                __aeabi_f2d
                0x000000000800049c                __aeabi_ul2d
                0x000000000800049c                __floatundidf
                0x00000000080004ac                __aeabi_l2d
                0x00000000080004ac                __floatdidf
 .text          0x0000000008000508      0x424 /Applications/STM32CubeIDE.app/Contents/Eclipse/plugins/com.st.stm32cube.ide.mcu.externaltools.gnu-tools-for-stm32.9-2020-q2-update.macos64_2.0.0.202105311346/tools/bin/../lib/gcc/arm-none-eabi/9.3.1/thumb/v7e-m+fp/hard/libgcc.a(_arm_muldivdf3.o)
                0x0000000008000508                __aeabi_dmul
                0x0000000008000508                __muldf3
                0x000000000800075c                __aeabi_ddiv
                0x000000000800075c                __divdf3
 .text          0x000000000800092c       0xa0 /Applications/STM32CubeIDE.app/Contents/Eclipse/plugins/com.st.stm32cube.ide.mcu.externaltools.gnu-tools-for-stm32.9-2020-q2-update.macos64_2.0.0.202105311346/tools/bin/../lib/gcc/arm-none-eabi/9.3.1/thumb/v7e-m+fp/hard/libgcc.a(_arm_truncdfsf2.o)
                0x000000000800092c                __aeabi_d2f
                0x000000000800092c                __truncdfsf2
 .text          0x00000000080009cc       0x30 /Applications/STM32CubeIDE.app/Contents/Eclipse/plugins/com.st.stm32cube.ide.mcu.externaltools.gnu-tools-for-stm32.9-2020-q2-update.macos64_2.0.0.202105311346/tools/bin/../lib/gcc/arm-none-eabi/9.3.1/thumb/v7e-m+fp/hard/libgcc.a(_aeabi_uldivmod.o)
                0x00000000080009cc                __aeabi_uldivmod
 .text          0x00000000080009fc      0x2c4 /Applications/STM32CubeIDE.app/Contents/Eclipse/plugins/com.st.stm32cube.ide.mcu.externaltools.gnu-tools-for-stm32.9-2020-q2-update.macos64_2.0.0.202105311346/tools/bin/../lib/gcc/arm-none-eabi/9.3.1/thumb/v7e-m+fp/hard/libgcc.a(_udivmoddi4.o)
                0x00000000080009fc                __udivmoddi4
 .text          0x0000000008000cc0        0x4 /Applications/STM32CubeIDE.app/Contents/Eclipse/plugins/com.st.stm32cube.ide.mcu.externaltools.gnu-tools-for-stm32.9-2020-q2-update.macos64_2.0.0.202105311346/tools/bin/../lib/gcc/arm-none-eabi/9.3.1/thumb/v7e-m+fp/hard/libgcc.a(_dvmd_tls.o)
                0x0000000008000cc0                __aeabi_ldiv0
                0x0000000008000cc0                __aeabi_idiv0
 *(.text*)
 .text.LL_AHB2_GRP1_EnableClock
                0x0000000008000cc4       0x32 ./Core/Src/adc.o
 *fill*         0x0000000008000cf6        0x2 
 .text.MX_ADC1_Init
                0x0000000008000cf8       0xcc ./Core/Src/adc.o
                0x0000000008000cf8                MX_ADC1_Init
 .text.HAL_ADC_MspInit
                0x0000000008000dc4       0xb0 ./Core/Src/adc.o
                0x0000000008000dc4                HAL_ADC_MspInit
 .text.APPD_EnableCPU2
                0x0000000008000e74       0x38 ./Core/Src/app_debug.o
                0x0000000008000e74                APPD_EnableCPU2
 .text.LL_C2_PWR_SetPowerMode
                0x0000000008000eac       0x2c ./Core/Src/app_entry.o
 .text.LL_EXTI_EnableIT_32_63
                0x0000000008000ed8       0x28 ./Core/Src/app_entry.o
 .text.LL_RCC_HSE_SetCapacitorTuning
                0x0000000008000f00       0x3c ./Core/Src/app_entry.o
 .text.LL_RCC_SetClkAfterWakeFromStop
                0x0000000008000f3c       0x28 ./Core/Src/app_entry.o
 .text.LL_RCC_ForceBackupDomainReset
                0x0000000008000f64       0x22 ./Core/Src/app_entry.o
 .text.LL_RCC_ReleaseBackupDomainReset
                0x0000000008000f86       0x22 ./Core/Src/app_entry.o
 .text.LL_RCC_IsActiveFlag_PINRST
                0x0000000008000fa8       0x26 ./Core/Src/app_entry.o
 .text.LL_RCC_IsActiveFlag_SFTRST
                0x0000000008000fce       0x26 ./Core/Src/app_entry.o
 .text.LL_AHB3_GRP1_EnableClock
                0x0000000008000ff4       0x32 ./Core/Src/app_entry.o
 *fill*         0x0000000008001026        0x2 
 .text.LL_DBGMCU_GetRevisionID
                0x0000000008001028       0x1c ./Core/Src/app_entry.o
 .text.LL_C1_IPCC_DisableTransmitChannel
                0x0000000008001044       0x24 ./Core/Src/app_entry.o
 .text.LL_C1_IPCC_DisableReceiveChannel
                0x0000000008001068       0x22 ./Core/Src/app_entry.o
 .text.LL_C2_IPCC_DisableTransmitChannel
                0x000000000800108a       0x24 ./Core/Src/app_entry.o
 .text.LL_C2_IPCC_DisableReceiveChannel
                0x00000000080010ae       0x22 ./Core/Src/app_entry.o
 .text.LL_C1_IPCC_ClearFlag_CHx
                0x00000000080010d0       0x1c ./Core/Src/app_entry.o
 .text.LL_C2_IPCC_ClearFlag_CHx
                0x00000000080010ec       0x1c ./Core/Src/app_entry.o
 .text.LL_LPM_EnableSleep
                0x0000000008001108       0x20 ./Core/Src/app_entry.o
 .text.LL_RTC_EnableWriteProtection
                0x0000000008001128       0x1a ./Core/Src/app_entry.o
 .text.LL_RTC_DisableWriteProtection
                0x0000000008001142       0x20 ./Core/Src/app_entry.o
 .text.LL_RTC_WAKEUP_SetClock
                0x0000000008001162       0x26 ./Core/Src/app_entry.o
 .text.MX_APPE_Config
                0x0000000008001188       0x1c ./Core/Src/app_entry.o
                0x0000000008001188                MX_APPE_Config
 .text.MX_APPE_Init
                0x00000000080011a4       0x20 ./Core/Src/app_entry.o
                0x00000000080011a4                MX_APPE_Init
 .text.Init_Smps
                0x00000000080011c4        0xe ./Core/Src/app_entry.o
                0x00000000080011c4                Init_Smps
 .text.Init_Exti
                0x00000000080011d2        0xe ./Core/Src/app_entry.o
                0x00000000080011d2                Init_Exti
 .text.Reset_Device
                0x00000000080011e0       0x10 ./Core/Src/app_entry.o
 .text.Reset_BackupDomain
                0x00000000080011f0       0x2e ./Core/Src/app_entry.o
 *fill*         0x000000000800121e        0x2 
 .text.Reset_IPCC
                0x0000000008001220       0x44 ./Core/Src/app_entry.o
 .text.Config_HSE
                0x0000000008001264       0x28 ./Core/Src/app_entry.o
 .text.System_Init
                0x000000000800128c       0x14 ./Core/Src/app_entry.o
 .text.Init_Rtc
                0x00000000080012a0       0x20 ./Core/Src/app_entry.o
 .text.SystemPower_Config
                0x00000000080012c0       0x1a ./Core/Src/app_entry.o
 *fill*         0x00000000080012da        0x2 
 .text.appe_Tl_Init
                0x00000000080012dc       0x9c ./Core/Src/app_entry.o
 .text.APPE_SysStatusNot
                0x0000000008001378       0x40 ./Core/Src/app_entry.o
 .text.APPE_SysUserEvtRx
                0x00000000080013b8       0x6c ./Core/Src/app_entry.o
 .text.APPE_SysEvtError
                0x0000000008001424       0x22 ./Core/Src/app_entry.o
 .text.APPE_SysEvtReadyProcessing
                0x0000000008001446       0x78 ./Core/Src/app_entry.o
 .text.ShciUserEvtProcess
                0x00000000080014be       0x1a ./Core/Src/app_entry.o
 .text.HAL_Delay
                0x00000000080014d8       0x4a ./Core/Src/app_entry.o
                0x00000000080014d8                HAL_Delay
 *fill*         0x0000000008001522        0x2 
 .text.shci_notify_asynch_evt
                0x0000000008001524       0x20 ./Core/Src/app_entry.o
                0x0000000008001524                shci_notify_asynch_evt
 .text.shci_cmd_resp_release
                0x0000000008001544       0x20 ./Core/Src/app_entry.o
                0x0000000008001544                shci_cmd_resp_release
 .text.shci_cmd_resp_wait
                0x0000000008001564       0x24 ./Core/Src/app_entry.o
                0x0000000008001564                shci_cmd_resp_wait
 .text._Z16StartDefaultTaskPv
                0x0000000008001588       0x12 ./Core/Src/app_freertos.o
                0x0000000008001588                StartDefaultTask(void*)
 *fill*         0x000000000800159a        0x2 
 .text._Z16MX_FREERTOS_Initv
                0x000000000800159c       0xa8 ./Core/Src/app_freertos.o
                0x000000000800159c                MX_FREERTOS_Init()
 .text.startInitThread
                0x0000000008001644       0x20 ./Core/Src/app_freertos.o
                0x0000000008001644                startInitThread
 .text.HAL_TIM_PWM_PulseFinishedCallback
                0x0000000008001664       0x14 ./Core/Src/blink.o
                0x0000000008001664                HAL_TIM_PWM_PulseFinishedCallback
 .text._Z41__static_initialization_and_destruction_0ii
                0x0000000008001678       0x20 ./Core/Src/bme.o
 .text._GLOBAL__sub_I_periodicBMETimer_id
                0x0000000008001698        0xe ./Core/Src/bme.o
 .text.LL_AHB1_GRP1_EnableClock
                0x00000000080016a6       0x32 ./Core/Src/dma.o
 .text.MX_DMA_Init
                0x00000000080016d8       0x34 ./Core/Src/dma.o
                0x00000000080016d8                MX_DMA_Init
 .text.extMemChipSelectPin
                0x000000000800170c       0x24 ./Core/Src/fram.o
                0x000000000800170c                extMemChipSelectPin
 .text._Z22extMemWriteEnableLatchb
                0x0000000008001730       0x48 ./Core/Src/fram.o
                0x0000000008001730                extMemWriteEnableLatch(bool)
 .text.extMemInit
                0x0000000008001778        0xc ./Core/Src/fram.o
                0x0000000008001778                extMemInit
 .text.LL_AHB2_GRP1_EnableClock
                0x0000000008001784       0x32 ./Core/Src/gpio.o
 *fill*         0x00000000080017b6        0x2 
 .text.MX_GPIO_Init
                0x00000000080017b8      0x12c ./Core/Src/gpio.o
                0x00000000080017b8                MX_GPIO_Init
 .text.LL_EXTI_EnableIT_0_31
                0x00000000080018e4       0x28 ./Core/Src/hw_timerserver.o
 .text.LL_EXTI_EnableRisingTrig_0_31
                0x000000000800190c       0x24 ./Core/Src/hw_timerserver.o
 .text.ReadRtcSsrValue
                0x0000000008001930       0x40 ./Core/Src/hw_timerserver.o
 .text.LinkTimerAfter
                0x0000000008001970       0x8c ./Core/Src/hw_timerserver.o
 .text.LinkTimerBefore
                0x00000000080019fc       0xc0 ./Core/Src/hw_timerserver.o
 .text.linkTimer
                0x0000000008001abc      0x154 ./Core/Src/hw_timerserver.o
 .text.UnlinkTimer
                0x0000000008001c10      0x108 ./Core/Src/hw_timerserver.o
 .text.ReturnTimeElapsed
                0x0000000008001d18       0x80 ./Core/Src/hw_timerserver.o
 .text.RestartWakeupCounter
                0x0000000008001d98       0xbc ./Core/Src/hw_timerserver.o
 .text.RescheduleTimerList
                0x0000000008001e54      0x13c ./Core/Src/hw_timerserver.o
 .text.HW_TS_Init
                0x0000000008001f90      0x1cc ./Core/Src/hw_timerserver.o
                0x0000000008001f90                HW_TS_Init
 .text.HW_TS_Create
                0x000000000800215c       0xf4 ./Core/Src/hw_timerserver.o
                0x000000000800215c                HW_TS_Create
 .text.HW_TS_Stop
                0x0000000008002250      0x118 ./Core/Src/hw_timerserver.o
                0x0000000008002250                HW_TS_Stop
 .text.HW_TS_Start
                0x0000000008002368      0x110 ./Core/Src/hw_timerserver.o
                0x0000000008002368                HW_TS_Start
 .text.LL_AHB2_GRP1_EnableClock
                0x0000000008002478       0x32 ./Core/Src/i2c.o
 .text.LL_APB1_GRP1_EnableClock
                0x00000000080024aa       0x32 ./Core/Src/i2c.o
 .text.MX_I2C1_Init
                0x00000000080024dc       0x80 ./Core/Src/i2c.o
                0x00000000080024dc                MX_I2C1_Init
 .text.MX_I2C3_Init
                0x000000000800255c       0x80 ./Core/Src/i2c.o
                0x000000000800255c                MX_I2C3_Init
 .text.HAL_I2C_MspInit
                0x00000000080025dc      0x138 ./Core/Src/i2c.o
                0x00000000080025dc                HAL_I2C_MspInit
 .text._Z41__static_initialization_and_destruction_0ii
                0x0000000008002714       0x3c ./Core/Src/imu.o
 .text.HAL_GPIO_EXTI_Callback
                0x0000000008002750        0x2 ./Core/Src/imu.o
                0x0000000008002750                HAL_GPIO_EXTI_Callback
 .text._GLOBAL__sub_I_periodicIMUTimer_id
                0x0000000008002752        0xe ./Core/Src/imu.o
 .text._GLOBAL__sub_D_periodicIMUTimer_id
                0x0000000008002760        0xe ./Core/Src/imu.o
 .text.LL_AHB3_GRP1_EnableClock
                0x000000000800276e       0x32 ./Core/Src/ipcc.o
 .text.MX_IPCC_Init
                0x00000000080027a0       0x28 ./Core/Src/ipcc.o
                0x00000000080027a0                MX_IPCC_Init
 .text.HAL_IPCC_MspInit
                0x00000000080027c8       0x48 ./Core/Src/ipcc.o
                0x00000000080027c8                HAL_IPCC_MspInit
 .text.setup_LP5523
                0x0000000008002810       0xe8 ./Core/Src/lp5523.o
                0x0000000008002810                setup_LP5523
 .text.ThreadFrontLightsComplexTask
                0x00000000080028f8       0xb8 ./Core/Src/lp5523.o
                0x00000000080028f8                ThreadFrontLightsComplexTask
 .text.BlueGreenTransitionTask
                0x00000000080029b0      0x120 ./Core/Src/lp5523.o
                0x00000000080029b0                BlueGreenTransitionTask
 .text.ledEnterDFUNotification
                0x0000000008002ad0       0x74 ./Core/Src/lp5523.o
                0x0000000008002ad0                ledEnterDFUNotification
 .text.ledDisconnectNotification
                0x0000000008002b44       0x50 ./Core/Src/lp5523.o
                0x0000000008002b44                ledDisconnectNotification
 .text.ledConnectNotification
                0x0000000008002b94       0x6c ./Core/Src/lp5523.o
                0x0000000008002b94                ledConnectNotification
 .text.resetColor
                0x0000000008002c00       0x2c ./Core/Src/lp5523.o
                0x0000000008002c00                resetColor
 .text._Z41__static_initialization_and_destruction_0ii
                0x0000000008002c2c       0x34 ./Core/Src/lux.o
 .text._GLOBAL__sub_I_periodicLuxTimer_id
                0x0000000008002c60        0xe ./Core/Src/lux.o
 .text._GLOBAL__sub_D_periodicLuxTimer_id
                0x0000000008002c6e        0xe ./Core/Src/lux.o
 .text.configureTimerForRunTimeStats
                0x0000000008002c7c       0x18 ./Core/Src/main.o
                0x0000000008002c7c                configureTimerForRunTimeStats
 .text.getRunTimeCounterValue
                0x0000000008002c94        0xc ./Core/Src/main.o
                0x0000000008002c94                getRunTimeCounterValue
 .text.HAL_TIM_PeriodElapsedCallback
                0x0000000008002ca0       0x18 ./Core/Src/main.o
                0x0000000008002ca0                HAL_TIM_PeriodElapsedCallback
 .text.Error_Handler
                0x0000000008002cb8        0x4 ./Core/Src/main.o
                0x0000000008002cb8                Error_Handler
 .text.SystemClock_Config
                0x0000000008002cbc       0xc4 ./Core/Src/main.o
                0x0000000008002cbc                SystemClock_Config
 .text._Z24PeriphCommonClock_Configv
                0x0000000008002d80       0x60 ./Core/Src/main.o
                0x0000000008002d80                PeriphCommonClock_Config()
 .text.main     0x0000000008002de0       0x74 ./Core/Src/main.o
                0x0000000008002de0                main
 .text.sendPacket_BLE
                0x0000000008002e54       0x2c ./Core/Src/packet.o
                0x0000000008002e54                sendPacket_BLE
 .text._Z13RTC_FromEpochmP15RTC_TimeTypeDefP15RTC_DateTypeDef
                0x0000000008002e80      0x130 ./Core/Src/packet.o
                0x0000000008002e80                RTC_FromEpoch(unsigned long, RTC_TimeTypeDef*, RTC_DateTypeDef*)
 .text.updateRTC
                0x0000000008002fb0       0x2c ./Core/Src/packet.o
                0x0000000008002fb0                updateRTC
 .text._Z11RTC_ToEpochP15RTC_TimeTypeDefP15RTC_DateTypeDef
                0x0000000008002fdc       0xa0 ./Core/Src/packet.o
                0x0000000008002fdc                RTC_ToEpoch(RTC_TimeTypeDef*, RTC_DateTypeDef*)
 .text.getEpoch
                0x000000000800307c       0x2c ./Core/Src/packet.o
                0x000000000800307c                getEpoch
 .text.senderThread
                0x00000000080030a8       0x8c ./Core/Src/packet.o
                0x00000000080030a8                senderThread
 .text.MX_RF_Init
                0x0000000008003134        0xe ./Core/Src/rf.o
                0x0000000008003134                MX_RF_Init
 .text.LL_RCC_EnableRTC
                0x0000000008003142       0x22 ./Core/Src/rtc.o
 .text.LL_APB1_GRP1_EnableClock
                0x0000000008003164       0x32 ./Core/Src/rtc.o
 *fill*         0x0000000008003196        0x2 
 .text.MX_RTC_Init
                0x0000000008003198       0x50 ./Core/Src/rtc.o
                0x0000000008003198                MX_RTC_Init
 .text.HAL_RTC_MspInit
                0x00000000080031e8       0x58 ./Core/Src/rtc.o
                0x00000000080031e8                HAL_RTC_MspInit
 .text.LL_APB2_GRP1_EnableClock
                0x0000000008003240       0x32 ./Core/Src/sai.o
 *fill*         0x0000000008003272        0x2 
 .text.MX_SAI1_Init
                0x0000000008003274       0x74 ./Core/Src/sai.o
                0x0000000008003274                MX_SAI1_Init
 .text.HAL_SAI_MspInit
                0x00000000080032e8      0x118 ./Core/Src/sai.o
                0x00000000080032e8                HAL_SAI_MspInit
 .text._Z41__static_initialization_and_destruction_0ii
                0x0000000008003400       0x20 ./Core/Src/sgp.o
 .text._GLOBAL__sub_I_periodicSgpTimer_id
                0x0000000008003420        0xe ./Core/Src/sgp.o
 *fill*         0x000000000800342e        0x2 
 .text._Z41__static_initialization_and_destruction_0ii
                0x0000000008003430       0x34 ./Core/Src/sht.o
 .text._GLOBAL__sub_I_periodicShtTimer_id
                0x0000000008003464        0xe ./Core/Src/sht.o
 .text._GLOBAL__sub_D_periodicShtTimer_id
                0x0000000008003472        0xe ./Core/Src/sht.o
 .text._Z41__static_initialization_and_destruction_0ii
                0x0000000008003480       0x34 ./Core/Src/spectrometer.o
 .text._GLOBAL__sub_I_periodicSpecTimer_id
                0x00000000080034b4        0xe ./Core/Src/spectrometer.o
 .text._GLOBAL__sub_D_periodicSpecTimer_id
                0x00000000080034c2        0xe ./Core/Src/spectrometer.o
 .text.LL_AHB2_GRP1_EnableClock
                0x00000000080034d0       0x32 ./Core/Src/spi.o
 .text.LL_APB1_GRP1_EnableClock
                0x0000000008003502       0x32 ./Core/Src/spi.o
 .text.LL_APB2_GRP1_EnableClock
                0x0000000008003534       0x32 ./Core/Src/spi.o
 *fill*         0x0000000008003566        0x2 
 .text.MX_SPI1_Init
                0x0000000008003568       0x7c ./Core/Src/spi.o
                0x0000000008003568                MX_SPI1_Init
 .text.MX_SPI2_Init
                0x00000000080035e4       0x7c ./Core/Src/spi.o
                0x00000000080035e4                MX_SPI2_Init
 .text.HAL_SPI_MspInit
                0x0000000008003660       0xdc ./Core/Src/spi.o
                0x0000000008003660                HAL_SPI_MspInit
 .text.LL_AHB3_GRP1_EnableClock
                0x000000000800373c       0x32 ./Core/Src/stm32wbxx_hal_msp.o
 .text.HAL_MspInit
                0x000000000800376e       0x2c ./Core/Src/stm32wbxx_hal_msp.o
                0x000000000800376e                HAL_MspInit
 .text.LL_APB2_GRP1_EnableClock
                0x000000000800379a       0x32 ./Core/Src/stm32wbxx_hal_timebase_tim.o
 .text.HAL_InitTick
                0x00000000080037cc       0x98 ./Core/Src/stm32wbxx_hal_timebase_tim.o
                0x00000000080037cc                HAL_InitTick
 .text.NMI_Handler
                0x0000000008003864        0x6 ./Core/Src/stm32wbxx_it.o
                0x0000000008003864                NMI_Handler
 .text.HardFault_Handler
                0x000000000800386a        0x6 ./Core/Src/stm32wbxx_it.o
                0x000000000800386a                HardFault_Handler
 .text.MemManage_Handler
                0x0000000008003870        0x6 ./Core/Src/stm32wbxx_it.o
                0x0000000008003870                MemManage_Handler
 .text.BusFault_Handler
                0x0000000008003876        0x6 ./Core/Src/stm32wbxx_it.o
                0x0000000008003876                BusFault_Handler
 .text.UsageFault_Handler
                0x000000000800387c        0x6 ./Core/Src/stm32wbxx_it.o
                0x000000000800387c                UsageFault_Handler
 .text.DebugMon_Handler
                0x0000000008003882        0xe ./Core/Src/stm32wbxx_it.o
                0x0000000008003882                DebugMon_Handler
 .text.EXTI2_IRQHandler
                0x0000000008003890        0xe ./Core/Src/stm32wbxx_it.o
                0x0000000008003890                EXTI2_IRQHandler
 *fill*         0x000000000800389e        0x2 
 .text.DMA1_Channel1_IRQHandler
                0x00000000080038a0       0x14 ./Core/Src/stm32wbxx_it.o
                0x00000000080038a0                DMA1_Channel1_IRQHandler
 .text.DMA1_Channel2_IRQHandler
                0x00000000080038b4       0x14 ./Core/Src/stm32wbxx_it.o
                0x00000000080038b4                DMA1_Channel2_IRQHandler
 .text.USB_LP_IRQHandler
                0x00000000080038c8       0x14 ./Core/Src/stm32wbxx_it.o
                0x00000000080038c8                USB_LP_IRQHandler
 .text.TIM1_UP_TIM16_IRQHandler
                0x00000000080038dc       0x1c ./Core/Src/stm32wbxx_it.o
                0x00000000080038dc                TIM1_UP_TIM16_IRQHandler
 .text.TIM1_TRG_COM_TIM17_IRQHandler
                0x00000000080038f8       0x20 ./Core/Src/stm32wbxx_it.o
                0x00000000080038f8                TIM1_TRG_COM_TIM17_IRQHandler
 .text.TIM2_IRQHandler
                0x0000000008003918       0x14 ./Core/Src/stm32wbxx_it.o
                0x0000000008003918                TIM2_IRQHandler
 .text.I2C1_EV_IRQHandler
                0x000000000800392c       0x14 ./Core/Src/stm32wbxx_it.o
                0x000000000800392c                I2C1_EV_IRQHandler
 .text.I2C3_EV_IRQHandler
                0x0000000008003940       0x14 ./Core/Src/stm32wbxx_it.o
                0x0000000008003940                I2C3_EV_IRQHandler
 .text.SPI2_IRQHandler
                0x0000000008003954       0x14 ./Core/Src/stm32wbxx_it.o
                0x0000000008003954                SPI2_IRQHandler
 .text.IPCC_C1_RX_IRQHandler
                0x0000000008003968        0xc ./Core/Src/stm32wbxx_it.o
                0x0000000008003968                IPCC_C1_RX_IRQHandler
 .text.IPCC_C1_TX_IRQHandler
                0x0000000008003974        0xc ./Core/Src/stm32wbxx_it.o
                0x0000000008003974                IPCC_C1_TX_IRQHandler
 .text.HSEM_IRQHandler
                0x0000000008003980        0xc ./Core/Src/stm32wbxx_it.o
                0x0000000008003980                HSEM_IRQHandler
 .text.LL_SYSCFG_SetRemapMemory
                0x000000000800398c       0x28 ./Core/Src/system_stm32wbxx.o
 .text.SystemInit
                0x00000000080039b4      0x114 ./Core/Src/system_stm32wbxx.o
                0x00000000080039b4                SystemInit
 .text._Z41__static_initialization_and_destruction_0ii
                0x0000000008003ac8       0x44 ./Core/Src/thermopile.o
 .text._GLOBAL__sub_I_periodicThermopileTimer_id
                0x0000000008003b0c        0xe ./Core/Src/thermopile.o
 .text.LL_AHB2_GRP1_EnableClock
                0x0000000008003b1a       0x32 ./Core/Src/tim.o
 .text.LL_APB1_GRP1_EnableClock
                0x0000000008003b4c       0x32 ./Core/Src/tim.o
 .text.LL_APB2_GRP1_EnableClock
                0x0000000008003b7e       0x32 ./Core/Src/tim.o
 .text.MX_TIM2_Init
                0x0000000008003bb0       0xe8 ./Core/Src/tim.o
                0x0000000008003bb0                MX_TIM2_Init
 .text.MX_TIM16_Init
                0x0000000008003c98       0xf4 ./Core/Src/tim.o
                0x0000000008003c98                MX_TIM16_Init
 .text.MX_TIM17_Init
                0x0000000008003d8c       0x4c ./Core/Src/tim.o
                0x0000000008003d8c                MX_TIM17_Init
 .text.HAL_TIM_Base_MspInit
                0x0000000008003dd8       0x80 ./Core/Src/tim.o
                0x0000000008003dd8                HAL_TIM_Base_MspInit
 .text.HAL_TIM_MspPostInit
                0x0000000008003e58       0x58 ./Core/Src/tim.o
                0x0000000008003e58                HAL_TIM_MspPostInit
 .text.data_initializers
                0x0000000008003eb0       0x18 ./Core/Startup/startup_stm32wb5mmghx.o
 .text.Reset_Handler
                0x0000000008003ec8       0x54 ./Core/Startup/startup_stm32wb5mmghx.o
                0x0000000008003ec8                Reset_Handler
 .text.Default_Handler
                0x0000000008003f1c        0x2 ./Core/Startup/startup_stm32wb5mmghx.o
                0x0000000008003f1c                DMA2_Channel3_IRQHandler
                0x0000000008003f1c                TIM1_CC_IRQHandler
                0x0000000008003f1c                TSC_IRQHandler
                0x0000000008003f1c                USB_HP_IRQHandler
                0x0000000008003f1c                EXTI3_IRQHandler
                0x0000000008003f1c                LPTIM2_IRQHandler
                0x0000000008003f1c                I2C3_ER_IRQHandler
                0x0000000008003f1c                EXTI0_IRQHandler
                0x0000000008003f1c                FPU_IRQHandler
                0x0000000008003f1c                AES1_IRQHandler
                0x0000000008003f1c                SPI1_IRQHandler
                0x0000000008003f1c                PWR_SOTF_BLEACT_802ACT_RFPHASE_IRQHandler
                0x0000000008003f1c                DMA2_Channel2_IRQHandler
                0x0000000008003f1c                DMA1_Channel4_IRQHandler
                0x0000000008003f1c                ADC1_IRQHandler
                0x0000000008003f1c                PKA_IRQHandler
                0x0000000008003f1c                DMA1_Channel7_IRQHandler
                0x0000000008003f1c                LCD_IRQHandler
                0x0000000008003f1c                DMA2_Channel1_IRQHandler
                0x0000000008003f1c                QUADSPI_IRQHandler
                0x0000000008003f1c                DMAMUX1_OVR_IRQHandler
                0x0000000008003f1c                DMA1_Channel6_IRQHandler
                0x0000000008003f1c                DMA2_Channel4_IRQHandler
                0x0000000008003f1c                RCC_IRQHandler
                0x0000000008003f1c                Default_Handler
                0x0000000008003f1c                DMA2_Channel7_IRQHandler
                0x0000000008003f1c                EXTI15_10_IRQHandler
                0x0000000008003f1c                C2SEV_PWR_C2H_IRQHandler
                0x0000000008003f1c                AES2_IRQHandler
                0x0000000008003f1c                EXTI9_5_IRQHandler
                0x0000000008003f1c                RTC_WKUP_IRQHandler
                0x0000000008003f1c                PVD_PVM_IRQHandler
                0x0000000008003f1c                DMA2_Channel5_IRQHandler
                0x0000000008003f1c                CRS_IRQHandler
                0x0000000008003f1c                DMA1_Channel5_IRQHandler
                0x0000000008003f1c                EXTI4_IRQHandler
                0x0000000008003f1c                RNG_IRQHandler
                0x0000000008003f1c                TAMP_STAMP_LSECSS_IRQHandler
                0x0000000008003f1c                DMA1_Channel3_IRQHandler
                0x0000000008003f1c                COMP_IRQHandler
                0x0000000008003f1c                WWDG_IRQHandler
                0x0000000008003f1c                LPUART1_IRQHandler
                0x0000000008003f1c                DMA2_Channel6_IRQHandler
                0x0000000008003f1c                TIM1_BRK_IRQHandler
                0x0000000008003f1c                EXTI1_IRQHandler
                0x0000000008003f1c                FLASH_IRQHandler
                0x0000000008003f1c                USART1_IRQHandler
                0x0000000008003f1c                I2C1_ER_IRQHandler
                0x0000000008003f1c                LPTIM1_IRQHandler
                0x0000000008003f1c                SAI1_IRQHandler
                0x0000000008003f1c                RTC_Alarm_IRQHandler
 .text.LL_AHB1_GRP1_ForceReset
                0x0000000008003f1e       0x24 ./Drivers/STM32WBxx_HAL_Driver/Src/stm32wbxx_hal.o
 .text.LL_AHB1_GRP1_ReleaseReset
                0x0000000008003f42       0x26 ./Drivers/STM32WBxx_HAL_Driver/Src/stm32wbxx_hal.o
 .text.LL_AHB2_GRP1_ForceReset
                0x0000000008003f68       0x24 ./Drivers/STM32WBxx_HAL_Driver/Src/stm32wbxx_hal.o
 .text.LL_AHB2_GRP1_ReleaseReset
                0x0000000008003f8c       0x26 ./Drivers/STM32WBxx_HAL_Driver/Src/stm32wbxx_hal.o
 .text.LL_AHB3_GRP1_ForceReset
                0x0000000008003fb2       0x24 ./Drivers/STM32WBxx_HAL_Driver/Src/stm32wbxx_hal.o
 .text.LL_AHB3_GRP1_ReleaseReset
                0x0000000008003fd6       0x26 ./Drivers/STM32WBxx_HAL_Driver/Src/stm32wbxx_hal.o
 .text.LL_APB1_GRP1_ForceReset
                0x0000000008003ffc       0x24 ./Drivers/STM32WBxx_HAL_Driver/Src/stm32wbxx_hal.o
 .text.LL_APB1_GRP2_ForceReset
                0x0000000008004020       0x24 ./Drivers/STM32WBxx_HAL_Driver/Src/stm32wbxx_hal.o
 .text.LL_APB1_GRP1_ReleaseReset
                0x0000000008004044       0x26 ./Drivers/STM32WBxx_HAL_Driver/Src/stm32wbxx_hal.o
 .text.LL_APB1_GRP2_ReleaseReset
                0x000000000800406a       0x26 ./Drivers/STM32WBxx_HAL_Driver/Src/stm32wbxx_hal.o
 .text.LL_APB2_GRP1_ForceReset
                0x0000000008004090       0x24 ./Drivers/STM32WBxx_HAL_Driver/Src/stm32wbxx_hal.o
 .text.LL_APB2_GRP1_ReleaseReset
                0x00000000080040b4       0x26 ./Drivers/STM32WBxx_HAL_Driver/Src/stm32wbxx_hal.o
 .text.LL_APB3_GRP1_ForceReset
                0x00000000080040da       0x24 ./Drivers/STM32WBxx_HAL_Driver/Src/stm32wbxx_hal.o
 .text.LL_APB3_GRP1_ReleaseReset
                0x00000000080040fe       0x26 ./Drivers/STM32WBxx_HAL_Driver/Src/stm32wbxx_hal.o
 .text.HAL_Init
                0x0000000008004124       0x40 ./Drivers/STM32WBxx_HAL_Driver/Src/stm32wbxx_hal.o
                0x0000000008004124                HAL_Init
 .text.HAL_DeInit
                0x0000000008004164       0x7e ./Drivers/STM32WBxx_HAL_Driver/Src/stm32wbxx_hal.o
                0x0000000008004164                HAL_DeInit
 .text.HAL_MspDeInit
                0x00000000080041e2        0xe ./Drivers/STM32WBxx_HAL_Driver/Src/stm32wbxx_hal.o
                0x00000000080041e2                HAL_MspDeInit
 .text.HAL_IncTick
                0x00000000080041f0       0x28 ./Drivers/STM32WBxx_HAL_Driver/Src/stm32wbxx_hal.o
                0x00000000080041f0                HAL_IncTick
 .text.HAL_GetTick
                0x0000000008004218       0x18 ./Drivers/STM32WBxx_HAL_Driver/Src/stm32wbxx_hal.o
                0x0000000008004218                HAL_GetTick
 .text.HAL_GetTickPrio
                0x0000000008004230       0x18 ./Drivers/STM32WBxx_HAL_Driver/Src/stm32wbxx_hal.o
                0x0000000008004230                HAL_GetTickPrio
 .text.HAL_GetTickFreq
                0x0000000008004248       0x18 ./Drivers/STM32WBxx_HAL_Driver/Src/stm32wbxx_hal.o
                0x0000000008004248                HAL_GetTickFreq
 .text.LL_ADC_SetCommonClock
                0x0000000008004260       0x26 ./Drivers/STM32WBxx_HAL_Driver/Src/stm32wbxx_hal_adc.o
 .text.LL_ADC_SetCommonPathInternalCh
                0x0000000008004286       0x26 ./Drivers/STM32WBxx_HAL_Driver/Src/stm32wbxx_hal_adc.o
 .text.LL_ADC_GetCommonPathInternalCh
                0x00000000080042ac       0x1c ./Drivers/STM32WBxx_HAL_Driver/Src/stm32wbxx_hal_adc.o
 .text.LL_ADC_SetOffset
                0x00000000080042c8       0x48 ./Drivers/STM32WBxx_HAL_Driver/Src/stm32wbxx_hal_adc.o
 .text.LL_ADC_GetOffsetChannel
                0x0000000008004310       0x2c ./Drivers/STM32WBxx_HAL_Driver/Src/stm32wbxx_hal_adc.o
 .text.LL_ADC_SetOffsetState
                0x000000000800433c       0x36 ./Drivers/STM32WBxx_HAL_Driver/Src/stm32wbxx_hal_adc.o
 .text.LL_ADC_REG_SetSequencerRanks
                0x0000000008004372       0x58 ./Drivers/STM32WBxx_HAL_Driver/Src/stm32wbxx_hal_adc.o
 .text.LL_ADC_SetChannelSamplingTime
                0x00000000080043ca       0x56 ./Drivers/STM32WBxx_HAL_Driver/Src/stm32wbxx_hal_adc.o
 .text.LL_ADC_SetChannelSingleDiff
                0x0000000008004420       0x48 ./Drivers/STM32WBxx_HAL_Driver/Src/stm32wbxx_hal_adc.o
 .text.LL_ADC_DisableDeepPowerDown
                0x0000000008004468       0x24 ./Drivers/STM32WBxx_HAL_Driver/Src/stm32wbxx_hal_adc.o
 .text.LL_ADC_IsDeepPowerDownEnabled
                0x000000000800448c       0x28 ./Drivers/STM32WBxx_HAL_Driver/Src/stm32wbxx_hal_adc.o
 .text.LL_ADC_EnableInternalRegulator
                0x00000000080044b4       0x28 ./Drivers/STM32WBxx_HAL_Driver/Src/stm32wbxx_hal_adc.o
 .text.LL_ADC_IsInternalRegulatorEnabled
                0x00000000080044dc       0x28 ./Drivers/STM32WBxx_HAL_Driver/Src/stm32wbxx_hal_adc.o
 .text.LL_ADC_IsEnabled
                0x0000000008004504       0x26 ./Drivers/STM32WBxx_HAL_Driver/Src/stm32wbxx_hal_adc.o
 .text.LL_ADC_REG_IsConversionOngoing
                0x000000000800452a       0x26 ./Drivers/STM32WBxx_HAL_Driver/Src/stm32wbxx_hal_adc.o
 .text.LL_ADC_INJ_IsConversionOngoing
                0x0000000008004550       0x26 ./Drivers/STM32WBxx_HAL_Driver/Src/stm32wbxx_hal_adc.o
 *fill*         0x0000000008004576        0x2 
 .text.HAL_ADC_Init
                0x0000000008004578      0x298 ./Drivers/STM32WBxx_HAL_Driver/Src/stm32wbxx_hal_adc.o
                0x0000000008004578                HAL_ADC_Init
 .text.HAL_ADC_ConfigChannel
                0x0000000008004810      0x78c ./Drivers/STM32WBxx_HAL_Driver/Src/stm32wbxx_hal_adc.o
                0x0000000008004810                HAL_ADC_ConfigChannel
 .text.__NVIC_SetPriorityGrouping
                0x0000000008004f9c       0x48 ./Drivers/STM32WBxx_HAL_Driver/Src/stm32wbxx_hal_cortex.o
 .text.__NVIC_GetPriorityGrouping
                0x0000000008004fe4       0x1c ./Drivers/STM32WBxx_HAL_Driver/Src/stm32wbxx_hal_cortex.o
 .text.__NVIC_EnableIRQ
                0x0000000008005000       0x3c ./Drivers/STM32WBxx_HAL_Driver/Src/stm32wbxx_hal_cortex.o
 .text.__NVIC_DisableIRQ
                0x000000000800503c       0x48 ./Drivers/STM32WBxx_HAL_Driver/Src/stm32wbxx_hal_cortex.o
 .text.__NVIC_SetPendingIRQ
                0x0000000008005084       0x3c ./Drivers/STM32WBxx_HAL_Driver/Src/stm32wbxx_hal_cortex.o
 .text.__NVIC_ClearPendingIRQ
                0x00000000080050c0       0x3c ./Drivers/STM32WBxx_HAL_Driver/Src/stm32wbxx_hal_cortex.o
 .text.__NVIC_SetPriority
                0x00000000080050fc       0x54 ./Drivers/STM32WBxx_HAL_Driver/Src/stm32wbxx_hal_cortex.o
 .text.NVIC_EncodePriority
                0x0000000008005150       0x66 ./Drivers/STM32WBxx_HAL_Driver/Src/stm32wbxx_hal_cortex.o
 .text.HAL_NVIC_SetPriorityGrouping
                0x00000000080051b6       0x16 ./Drivers/STM32WBxx_HAL_Driver/Src/stm32wbxx_hal_cortex.o
                0x00000000080051b6                HAL_NVIC_SetPriorityGrouping
 .text.HAL_NVIC_SetPriority
                0x00000000080051cc       0x34 ./Drivers/STM32WBxx_HAL_Driver/Src/stm32wbxx_hal_cortex.o
                0x00000000080051cc                HAL_NVIC_SetPriority
 .text.HAL_NVIC_EnableIRQ
                0x0000000008005200       0x1c ./Drivers/STM32WBxx_HAL_Driver/Src/stm32wbxx_hal_cortex.o
                0x0000000008005200                HAL_NVIC_EnableIRQ
 .text.HAL_NVIC_DisableIRQ
                0x000000000800521c       0x1c ./Drivers/STM32WBxx_HAL_Driver/Src/stm32wbxx_hal_cortex.o
                0x000000000800521c                HAL_NVIC_DisableIRQ
 .text.HAL_NVIC_SetPendingIRQ
                0x0000000008005238       0x1c ./Drivers/STM32WBxx_HAL_Driver/Src/stm32wbxx_hal_cortex.o
                0x0000000008005238                HAL_NVIC_SetPendingIRQ
 .text.HAL_NVIC_ClearPendingIRQ
                0x0000000008005254       0x1c ./Drivers/STM32WBxx_HAL_Driver/Src/stm32wbxx_hal_cortex.o
                0x0000000008005254                HAL_NVIC_ClearPendingIRQ
 .text.HAL_DMA_Init
                0x0000000008005270      0x150 ./Drivers/STM32WBxx_HAL_Driver/Src/stm32wbxx_hal_dma.o
                0x0000000008005270                HAL_DMA_Init
 .text.HAL_DMA_Abort_IT
                0x00000000080053c0       0xbe ./Drivers/STM32WBxx_HAL_Driver/Src/stm32wbxx_hal_dma.o
                0x00000000080053c0                HAL_DMA_Abort_IT
 .text.HAL_DMA_IRQHandler
                0x000000000800547e      0x15e ./Drivers/STM32WBxx_HAL_Driver/Src/stm32wbxx_hal_dma.o
                0x000000000800547e                HAL_DMA_IRQHandler
 .text.DMA_CalcDMAMUXChannelBaseAndMask
                0x00000000080055dc       0x7c ./Drivers/STM32WBxx_HAL_Driver/Src/stm32wbxx_hal_dma.o
 .text.DMA_CalcDMAMUXRequestGenBaseAndMask
                0x0000000008005658       0x4c ./Drivers/STM32WBxx_HAL_Driver/Src/stm32wbxx_hal_dma.o
 .text.HAL_GPIO_Init
                0x00000000080056a4      0x2e0 ./Drivers/STM32WBxx_HAL_Driver/Src/stm32wbxx_hal_gpio.o
                0x00000000080056a4                HAL_GPIO_Init
 .text.HAL_GPIO_WritePin
                0x0000000008005984       0x30 ./Drivers/STM32WBxx_HAL_Driver/Src/stm32wbxx_hal_gpio.o
                0x0000000008005984                HAL_GPIO_WritePin
 .text.HAL_GPIO_EXTI_IRQHandler
                0x00000000080059b4       0x30 ./Drivers/STM32WBxx_HAL_Driver/Src/stm32wbxx_hal_gpio.o
                0x00000000080059b4                HAL_GPIO_EXTI_IRQHandler
 .text.HAL_HSEM_IRQHandler
                0x00000000080059e4       0x34 ./Drivers/STM32WBxx_HAL_Driver/Src/stm32wbxx_hal_hsem.o
                0x00000000080059e4                HAL_HSEM_IRQHandler
 .text.HAL_HSEM_FreeCallback
                0x0000000008005a18       0x14 ./Drivers/STM32WBxx_HAL_Driver/Src/stm32wbxx_hal_hsem.o
                0x0000000008005a18                HAL_HSEM_FreeCallback
 .text.HAL_I2C_Init
                0x0000000008005a2c      0x11e ./Drivers/STM32WBxx_HAL_Driver/Src/stm32wbxx_hal_i2c.o
                0x0000000008005a2c                HAL_I2C_Init
 *fill*         0x0000000008005b4a        0x2 
 .text.HAL_I2C_Mem_Write
                0x0000000008005b4c      0x228 ./Drivers/STM32WBxx_HAL_Driver/Src/stm32wbxx_hal_i2c.o
                0x0000000008005b4c                HAL_I2C_Mem_Write
 .text.HAL_I2C_Mem_Read
                0x0000000008005d74      0x234 ./Drivers/STM32WBxx_HAL_Driver/Src/stm32wbxx_hal_i2c.o
                0x0000000008005d74                HAL_I2C_Mem_Read
 .text.HAL_I2C_EV_IRQHandler
                0x0000000008005fa8       0x34 ./Drivers/STM32WBxx_HAL_Driver/Src/stm32wbxx_hal_i2c.o
                0x0000000008005fa8                HAL_I2C_EV_IRQHandler
 .text.I2C_RequestMemoryWrite
                0x0000000008005fdc       0xa8 ./Drivers/STM32WBxx_HAL_Driver/Src/stm32wbxx_hal_i2c.o
 .text.I2C_RequestMemoryRead
                0x0000000008006084       0xa8 ./Drivers/STM32WBxx_HAL_Driver/Src/stm32wbxx_hal_i2c.o
 .text.I2C_Flush_TXDR
                0x000000000800612c       0x48 ./Drivers/STM32WBxx_HAL_Driver/Src/stm32wbxx_hal_i2c.o
 .text.I2C_WaitOnFlagUntilTimeout
                0x0000000008006174       0x80 ./Drivers/STM32WBxx_HAL_Driver/Src/stm32wbxx_hal_i2c.o
 .text.I2C_WaitOnTXISFlagUntilTimeout
                0x00000000080061f4       0x80 ./Drivers/STM32WBxx_HAL_Driver/Src/stm32wbxx_hal_i2c.o
 .text.I2C_WaitOnSTOPFlagUntilTimeout
                0x0000000008006274       0x78 ./Drivers/STM32WBxx_HAL_Driver/Src/stm32wbxx_hal_i2c.o
 .text.I2C_IsErrorOccurred
                0x00000000080062ec      0x160 ./Drivers/STM32WBxx_HAL_Driver/Src/stm32wbxx_hal_i2c.o
 .text.I2C_TransferConfig
                0x000000000800644c       0x64 ./Drivers/STM32WBxx_HAL_Driver/Src/stm32wbxx_hal_i2c.o
 .text.HAL_I2CEx_ConfigAnalogFilter
                0x00000000080064b0       0x96 ./Drivers/STM32WBxx_HAL_Driver/Src/stm32wbxx_hal_i2c_ex.o
                0x00000000080064b0                HAL_I2CEx_ConfigAnalogFilter
 .text.HAL_I2CEx_ConfigDigitalFilter
                0x0000000008006546       0x98 ./Drivers/STM32WBxx_HAL_Driver/Src/stm32wbxx_hal_i2c_ex.o
                0x0000000008006546                HAL_I2CEx_ConfigDigitalFilter
 *fill*         0x00000000080065de        0x2 
 .text.HAL_IPCC_Init
                0x00000000080065e0       0x64 ./Drivers/STM32WBxx_HAL_Driver/Src/stm32wbxx_hal_ipcc.o
                0x00000000080065e0                HAL_IPCC_Init
 .text.HAL_IPCC_RxCallback
                0x0000000008006644       0x1a ./Drivers/STM32WBxx_HAL_Driver/Src/stm32wbxx_hal_ipcc.o
                0x0000000008006644                HAL_IPCC_RxCallback
 .text.HAL_IPCC_TxCallback
                0x000000000800665e       0x1a ./Drivers/STM32WBxx_HAL_Driver/Src/stm32wbxx_hal_ipcc.o
                0x000000000800665e                HAL_IPCC_TxCallback
 .text.IPCC_SetDefaultCallbacks
                0x0000000008006678       0x4c ./Drivers/STM32WBxx_HAL_Driver/Src/stm32wbxx_hal_ipcc.o
                0x0000000008006678                IPCC_SetDefaultCallbacks
 .text.IPCC_Reset_Register
                0x00000000080066c4       0x28 ./Drivers/STM32WBxx_HAL_Driver/Src/stm32wbxx_hal_ipcc.o
                0x00000000080066c4                IPCC_Reset_Register
 .text.HAL_PCD_Init
                0x00000000080066ec      0x1ca ./Drivers/STM32WBxx_HAL_Driver/Src/stm32wbxx_hal_pcd.o
                0x00000000080066ec                HAL_PCD_Init
 .text.HAL_PCD_Start
                0x00000000080068b6       0x44 ./Drivers/STM32WBxx_HAL_Driver/Src/stm32wbxx_hal_pcd.o
                0x00000000080068b6                HAL_PCD_Start
 .text.HAL_PCD_Stop
                0x00000000080068fa       0x44 ./Drivers/STM32WBxx_HAL_Driver/Src/stm32wbxx_hal_pcd.o
                0x00000000080068fa                HAL_PCD_Stop
 .text.HAL_PCD_IRQHandler
                0x000000000800693e      0x24e ./Drivers/STM32WBxx_HAL_Driver/Src/stm32wbxx_hal_pcd.o
                0x000000000800693e                HAL_PCD_IRQHandler
 .text.HAL_PCD_SetAddress
                0x0000000008006b8c       0x4a ./Drivers/STM32WBxx_HAL_Driver/Src/stm32wbxx_hal_pcd.o
                0x0000000008006b8c                HAL_PCD_SetAddress
 .text.HAL_PCD_EP_Open
                0x0000000008006bd6       0xcc ./Drivers/STM32WBxx_HAL_Driver/Src/stm32wbxx_hal_pcd.o
                0x0000000008006bd6                HAL_PCD_EP_Open
 .text.HAL_PCD_EP_Receive
                0x0000000008006ca2       0x7a ./Drivers/STM32WBxx_HAL_Driver/Src/stm32wbxx_hal_pcd.o
                0x0000000008006ca2                HAL_PCD_EP_Receive
 .text.HAL_PCD_EP_Transmit
                0x0000000008006d1c       0x86 ./Drivers/STM32WBxx_HAL_Driver/Src/stm32wbxx_hal_pcd.o
                0x0000000008006d1c                HAL_PCD_EP_Transmit
 .text.HAL_PCD_EP_SetStall
                0x0000000008006da2       0xa4 ./Drivers/STM32WBxx_HAL_Driver/Src/stm32wbxx_hal_pcd.o
                0x0000000008006da2                HAL_PCD_EP_SetStall
 .text.HAL_PCD_EP_ClrStall
                0x0000000008006e46       0xa8 ./Drivers/STM32WBxx_HAL_Driver/Src/stm32wbxx_hal_pcd.o
                0x0000000008006e46                HAL_PCD_EP_ClrStall
 .text.PCD_EP_ISR_Handler
                0x0000000008006eee      0x760 ./Drivers/STM32WBxx_HAL_Driver/Src/stm32wbxx_hal_pcd.o
 .text.HAL_PCD_EP_DB_Receive
                0x000000000800764e      0x212 ./Drivers/STM32WBxx_HAL_Driver/Src/stm32wbxx_hal_pcd.o
 .text.HAL_PCD_EP_DB_Transmit
                0x0000000008007860      0x79c ./Drivers/STM32WBxx_HAL_Driver/Src/stm32wbxx_hal_pcd.o
 .text.HAL_PCDEx_PMAConfig
                0x0000000008007ffc       0x86 ./Drivers/STM32WBxx_HAL_Driver/Src/stm32wbxx_hal_pcd_ex.o
                0x0000000008007ffc                HAL_PCDEx_PMAConfig
 .text.HAL_PCDEx_ActivateLPM
                0x0000000008008082       0x54 ./Drivers/STM32WBxx_HAL_Driver/Src/stm32wbxx_hal_pcd_ex.o
                0x0000000008008082                HAL_PCDEx_ActivateLPM
 *fill*         0x00000000080080d6        0x2 
 .text.HAL_PWR_EnableBkUpAccess
                0x00000000080080d8       0x20 ./Drivers/STM32WBxx_HAL_Driver/Src/stm32wbxx_hal_pwr.o
                0x00000000080080d8                HAL_PWR_EnableBkUpAccess
 .text.HAL_PWREx_GetVoltageRange
                0x00000000080080f8       0x1c ./Drivers/STM32WBxx_HAL_Driver/Src/stm32wbxx_hal_pwr_ex.o
                0x00000000080080f8                HAL_PWREx_GetVoltageRange
 .text.HAL_PWREx_EnableVddUSB
                0x0000000008008114       0x20 ./Drivers/STM32WBxx_HAL_Driver/Src/stm32wbxx_hal_pwr_ex.o
                0x0000000008008114                HAL_PWREx_EnableVddUSB
 .text.LL_RCC_HSE_IsEnabledDiv2
                0x0000000008008134       0x24 ./Drivers/STM32WBxx_HAL_Driver/Src/stm32wbxx_hal_rcc.o
 .text.LL_RCC_HSE_Enable
                0x0000000008008158       0x1e ./Drivers/STM32WBxx_HAL_Driver/Src/stm32wbxx_hal_rcc.o
 .text.LL_RCC_HSE_Disable
                0x0000000008008176       0x1e ./Drivers/STM32WBxx_HAL_Driver/Src/stm32wbxx_hal_rcc.o
 .text.LL_RCC_HSE_IsReady
                0x0000000008008194       0x24 ./Drivers/STM32WBxx_HAL_Driver/Src/stm32wbxx_hal_rcc.o
 .text.LL_RCC_HSI_Enable
                0x00000000080081b8       0x1e ./Drivers/STM32WBxx_HAL_Driver/Src/stm32wbxx_hal_rcc.o
 .text.LL_RCC_HSI_Disable
                0x00000000080081d6       0x1e ./Drivers/STM32WBxx_HAL_Driver/Src/stm32wbxx_hal_rcc.o
 .text.LL_RCC_HSI_IsReady
                0x00000000080081f4       0x24 ./Drivers/STM32WBxx_HAL_Driver/Src/stm32wbxx_hal_rcc.o
 .text.LL_RCC_HSI_SetCalibTrimming
                0x0000000008008218       0x2a ./Drivers/STM32WBxx_HAL_Driver/Src/stm32wbxx_hal_rcc.o
 .text.LL_RCC_HSI48_Enable
                0x0000000008008242       0x22 ./Drivers/STM32WBxx_HAL_Driver/Src/stm32wbxx_hal_rcc.o
 .text.LL_RCC_HSI48_Disable
                0x0000000008008264       0x22 ./Drivers/STM32WBxx_HAL_Driver/Src/stm32wbxx_hal_rcc.o
 .text.LL_RCC_HSI48_IsReady
                0x0000000008008286       0x24 ./Drivers/STM32WBxx_HAL_Driver/Src/stm32wbxx_hal_rcc.o
 .text.LL_RCC_LSE_Enable
                0x00000000080082aa       0x22 ./Drivers/STM32WBxx_HAL_Driver/Src/stm32wbxx_hal_rcc.o
 .text.LL_RCC_LSE_Disable
                0x00000000080082cc       0x22 ./Drivers/STM32WBxx_HAL_Driver/Src/stm32wbxx_hal_rcc.o
 .text.LL_RCC_LSE_EnableBypass
                0x00000000080082ee       0x22 ./Drivers/STM32WBxx_HAL_Driver/Src/stm32wbxx_hal_rcc.o
 .text.LL_RCC_LSE_DisableBypass
                0x0000000008008310       0x22 ./Drivers/STM32WBxx_HAL_Driver/Src/stm32wbxx_hal_rcc.o
 .text.LL_RCC_LSE_IsReady
                0x0000000008008332       0x24 ./Drivers/STM32WBxx_HAL_Driver/Src/stm32wbxx_hal_rcc.o
 .text.LL_RCC_LSI1_Enable
                0x0000000008008356       0x22 ./Drivers/STM32WBxx_HAL_Driver/Src/stm32wbxx_hal_rcc.o
 .text.LL_RCC_LSI1_Disable
                0x0000000008008378       0x22 ./Drivers/STM32WBxx_HAL_Driver/Src/stm32wbxx_hal_rcc.o
 .text.LL_RCC_LSI1_IsReady
                0x000000000800839a       0x24 ./Drivers/STM32WBxx_HAL_Driver/Src/stm32wbxx_hal_rcc.o
 .text.LL_RCC_LSI2_Enable
                0x00000000080083be       0x22 ./Drivers/STM32WBxx_HAL_Driver/Src/stm32wbxx_hal_rcc.o
 .text.LL_RCC_LSI2_Disable
                0x00000000080083e0       0x22 ./Drivers/STM32WBxx_HAL_Driver/Src/stm32wbxx_hal_rcc.o
 .text.LL_RCC_LSI2_IsReady
                0x0000000008008402       0x24 ./Drivers/STM32WBxx_HAL_Driver/Src/stm32wbxx_hal_rcc.o
 .text.LL_RCC_LSI2_SetTrimming
                0x0000000008008426       0x2e ./Drivers/STM32WBxx_HAL_Driver/Src/stm32wbxx_hal_rcc.o
 .text.LL_RCC_MSI_Enable
                0x0000000008008454       0x1e ./Drivers/STM32WBxx_HAL_Driver/Src/stm32wbxx_hal_rcc.o
 .text.LL_RCC_MSI_Disable
                0x0000000008008472       0x1e ./Drivers/STM32WBxx_HAL_Driver/Src/stm32wbxx_hal_rcc.o
 .text.LL_RCC_MSI_IsReady
                0x0000000008008490       0x22 ./Drivers/STM32WBxx_HAL_Driver/Src/stm32wbxx_hal_rcc.o
 .text.LL_RCC_MSI_DisablePLLMode
                0x00000000080084b2       0x1e ./Drivers/STM32WBxx_HAL_Driver/Src/stm32wbxx_hal_rcc.o
 .text.LL_RCC_MSI_SetRange
                0x00000000080084d0       0x28 ./Drivers/STM32WBxx_HAL_Driver/Src/stm32wbxx_hal_rcc.o
 .text.LL_RCC_MSI_GetRange
                0x00000000080084f8       0x2a ./Drivers/STM32WBxx_HAL_Driver/Src/stm32wbxx_hal_rcc.o
 .text.LL_RCC_MSI_SetCalibTrimming
                0x0000000008008522       0x2a ./Drivers/STM32WBxx_HAL_Driver/Src/stm32wbxx_hal_rcc.o
 .text.LL_RCC_SetSysClkSource
                0x000000000800854c       0x28 ./Drivers/STM32WBxx_HAL_Driver/Src/stm32wbxx_hal_rcc.o
 .text.LL_RCC_GetSysClkSource
                0x0000000008008574       0x18 ./Drivers/STM32WBxx_HAL_Driver/Src/stm32wbxx_hal_rcc.o
 .text.LL_RCC_SetAHBPrescaler
                0x000000000800858c       0x28 ./Drivers/STM32WBxx_HAL_Driver/Src/stm32wbxx_hal_rcc.o
 .text.LL_C2_RCC_SetAHBPrescaler
                0x00000000080085b4       0x2c ./Drivers/STM32WBxx_HAL_Driver/Src/stm32wbxx_hal_rcc.o
 .text.LL_RCC_SetAHB4Prescaler
                0x00000000080085e0       0x2e ./Drivers/STM32WBxx_HAL_Driver/Src/stm32wbxx_hal_rcc.o
 .text.LL_RCC_SetAPB1Prescaler
                0x000000000800860e       0x28 ./Drivers/STM32WBxx_HAL_Driver/Src/stm32wbxx_hal_rcc.o
 .text.LL_RCC_SetAPB2Prescaler
                0x0000000008008636       0x28 ./Drivers/STM32WBxx_HAL_Driver/Src/stm32wbxx_hal_rcc.o
 .text.LL_RCC_GetAHBPrescaler
                0x000000000800865e       0x18 ./Drivers/STM32WBxx_HAL_Driver/Src/stm32wbxx_hal_rcc.o
 .text.LL_C2_RCC_GetAHBPrescaler
                0x0000000008008676       0x1a ./Drivers/STM32WBxx_HAL_Driver/Src/stm32wbxx_hal_rcc.o
 .text.LL_RCC_GetAHB4Prescaler
                0x0000000008008690       0x1c ./Drivers/STM32WBxx_HAL_Driver/Src/stm32wbxx_hal_rcc.o
 .text.LL_RCC_GetAPB1Prescaler
                0x00000000080086ac       0x18 ./Drivers/STM32WBxx_HAL_Driver/Src/stm32wbxx_hal_rcc.o
 .text.LL_RCC_GetAPB2Prescaler
                0x00000000080086c4       0x18 ./Drivers/STM32WBxx_HAL_Driver/Src/stm32wbxx_hal_rcc.o
 .text.LL_RCC_PLL_Enable
                0x00000000080086dc       0x1e ./Drivers/STM32WBxx_HAL_Driver/Src/stm32wbxx_hal_rcc.o
 .text.LL_RCC_PLL_Disable
                0x00000000080086fa       0x1e ./Drivers/STM32WBxx_HAL_Driver/Src/stm32wbxx_hal_rcc.o
 .text.LL_RCC_PLL_IsReady
                0x0000000008008718       0x24 ./Drivers/STM32WBxx_HAL_Driver/Src/stm32wbxx_hal_rcc.o
 .text.LL_RCC_PLL_GetN
                0x000000000800873c       0x1a ./Drivers/STM32WBxx_HAL_Driver/Src/stm32wbxx_hal_rcc.o
 .text.LL_RCC_PLL_GetR
                0x0000000008008756       0x18 ./Drivers/STM32WBxx_HAL_Driver/Src/stm32wbxx_hal_rcc.o
 .text.LL_RCC_PLL_GetDivider
                0x000000000800876e       0x18 ./Drivers/STM32WBxx_HAL_Driver/Src/stm32wbxx_hal_rcc.o
 .text.LL_RCC_PLLSAI1_IsReady
                0x0000000008008786       0x24 ./Drivers/STM32WBxx_HAL_Driver/Src/stm32wbxx_hal_rcc.o
 .text.LL_RCC_PLL_GetMainSource
                0x00000000080087aa       0x18 ./Drivers/STM32WBxx_HAL_Driver/Src/stm32wbxx_hal_rcc.o
 .text.LL_RCC_IsActiveFlag_HPRE
                0x00000000080087c2       0x24 ./Drivers/STM32WBxx_HAL_Driver/Src/stm32wbxx_hal_rcc.o
 .text.LL_RCC_IsActiveFlag_C2HPRE
                0x00000000080087e6       0x26 ./Drivers/STM32WBxx_HAL_Driver/Src/stm32wbxx_hal_rcc.o
 .text.LL_RCC_IsActiveFlag_SHDHPRE
                0x000000000800880c       0x26 ./Drivers/STM32WBxx_HAL_Driver/Src/stm32wbxx_hal_rcc.o
 .text.LL_RCC_IsActiveFlag_PPRE1
                0x0000000008008832       0x24 ./Drivers/STM32WBxx_HAL_Driver/Src/stm32wbxx_hal_rcc.o
 .text.LL_RCC_IsActiveFlag_PPRE2
                0x0000000008008856       0x24 ./Drivers/STM32WBxx_HAL_Driver/Src/stm32wbxx_hal_rcc.o
 *fill*         0x000000000800887a        0x2 
 .text.HAL_RCC_DeInit
                0x000000000800887c      0x138 ./Drivers/STM32WBxx_HAL_Driver/Src/stm32wbxx_hal_rcc.o
                0x000000000800887c                HAL_RCC_DeInit
 .text.HAL_RCC_OscConfig
                0x00000000080089b4      0x718 ./Drivers/STM32WBxx_HAL_Driver/Src/stm32wbxx_hal_rcc.o
                0x00000000080089b4                HAL_RCC_OscConfig
 .text.HAL_RCC_ClockConfig
                0x00000000080090cc      0x280 ./Drivers/STM32WBxx_HAL_Driver/Src/stm32wbxx_hal_rcc.o
                0x00000000080090cc                HAL_RCC_ClockConfig
 .text.HAL_RCC_GetSysClockFreq
                0x000000000800934c       0xd8 ./Drivers/STM32WBxx_HAL_Driver/Src/stm32wbxx_hal_rcc.o
                0x000000000800934c                HAL_RCC_GetSysClockFreq
 .text.HAL_RCC_GetHCLKFreq
                0x0000000008009424       0x28 ./Drivers/STM32WBxx_HAL_Driver/Src/stm32wbxx_hal_rcc.o
                0x0000000008009424                HAL_RCC_GetHCLKFreq
 .text.HAL_RCC_GetPCLK2Freq
                0x000000000800944c       0x2c ./Drivers/STM32WBxx_HAL_Driver/Src/stm32wbxx_hal_rcc.o
                0x000000000800944c                HAL_RCC_GetPCLK2Freq
 .text.HAL_RCC_GetClockConfig
                0x0000000008009478       0x64 ./Drivers/STM32WBxx_HAL_Driver/Src/stm32wbxx_hal_rcc.o
                0x0000000008009478                HAL_RCC_GetClockConfig
 .text.RCC_SetFlashLatencyFromMSIRange
                0x00000000080094dc       0x70 ./Drivers/STM32WBxx_HAL_Driver/Src/stm32wbxx_hal_rcc.o
 .text.RCC_SetFlashLatency
                0x000000000800954c      0x100 ./Drivers/STM32WBxx_HAL_Driver/Src/stm32wbxx_hal_rcc.o
 .text.LL_RCC_HSE_IsEnabledDiv2
                0x000000000800964c       0x24 ./Drivers/STM32WBxx_HAL_Driver/Src/stm32wbxx_hal_rcc_ex.o
 .text.LL_RCC_HSE_IsReady
                0x0000000008009670       0x24 ./Drivers/STM32WBxx_HAL_Driver/Src/stm32wbxx_hal_rcc_ex.o
 .text.LL_RCC_HSI_IsReady
                0x0000000008009694       0x24 ./Drivers/STM32WBxx_HAL_Driver/Src/stm32wbxx_hal_rcc_ex.o
 .text.LL_RCC_HSI48_IsReady
                0x00000000080096b8       0x24 ./Drivers/STM32WBxx_HAL_Driver/Src/stm32wbxx_hal_rcc_ex.o
 .text.LL_RCC_LSE_IsEnabled
                0x00000000080096dc       0x24 ./Drivers/STM32WBxx_HAL_Driver/Src/stm32wbxx_hal_rcc_ex.o
 .text.LL_RCC_LSE_IsReady
                0x0000000008009700       0x24 ./Drivers/STM32WBxx_HAL_Driver/Src/stm32wbxx_hal_rcc_ex.o
 .text.LL_RCC_LSI1_IsReady
                0x0000000008009724       0x24 ./Drivers/STM32WBxx_HAL_Driver/Src/stm32wbxx_hal_rcc_ex.o
 .text.LL_RCC_LSI2_IsReady
                0x0000000008009748       0x24 ./Drivers/STM32WBxx_HAL_Driver/Src/stm32wbxx_hal_rcc_ex.o
 .text.LL_RCC_MSI_IsReady
                0x000000000800976c       0x22 ./Drivers/STM32WBxx_HAL_Driver/Src/stm32wbxx_hal_rcc_ex.o
 .text.LL_RCC_MSI_EnablePLLMode
                0x000000000800978e       0x1e ./Drivers/STM32WBxx_HAL_Driver/Src/stm32wbxx_hal_rcc_ex.o
 .text.LL_RCC_MSI_GetRange
                0x00000000080097ac       0x2a ./Drivers/STM32WBxx_HAL_Driver/Src/stm32wbxx_hal_rcc_ex.o
 .text.LL_RCC_SetRFWKPClockSource
                0x00000000080097d6       0x2c ./Drivers/STM32WBxx_HAL_Driver/Src/stm32wbxx_hal_rcc_ex.o
 .text.LL_RCC_GetRFWKPClockSource
                0x0000000008009802       0x1a ./Drivers/STM32WBxx_HAL_Driver/Src/stm32wbxx_hal_rcc_ex.o
 .text.LL_RCC_GetAHBPrescaler
                0x000000000800981c       0x18 ./Drivers/STM32WBxx_HAL_Driver/Src/stm32wbxx_hal_rcc_ex.o
 .text.LL_RCC_GetAPB1Prescaler
                0x0000000008009834       0x18 ./Drivers/STM32WBxx_HAL_Driver/Src/stm32wbxx_hal_rcc_ex.o
 .text.LL_RCC_GetAPB2Prescaler
                0x000000000800984c       0x18 ./Drivers/STM32WBxx_HAL_Driver/Src/stm32wbxx_hal_rcc_ex.o
 .text.LL_RCC_SetSMPSClockSource
                0x0000000008009864       0x28 ./Drivers/STM32WBxx_HAL_Driver/Src/stm32wbxx_hal_rcc_ex.o
 .text.LL_RCC_GetSMPSClockSource
                0x000000000800988c       0x18 ./Drivers/STM32WBxx_HAL_Driver/Src/stm32wbxx_hal_rcc_ex.o
 .text.LL_RCC_SetSMPSPrescaler
                0x00000000080098a4       0x28 ./Drivers/STM32WBxx_HAL_Driver/Src/stm32wbxx_hal_rcc_ex.o
 .text.LL_RCC_GetSMPSPrescaler
                0x00000000080098cc       0x18 ./Drivers/STM32WBxx_HAL_Driver/Src/stm32wbxx_hal_rcc_ex.o
 .text.LL_RCC_SetUSARTClockSource
                0x00000000080098e4       0x2c ./Drivers/STM32WBxx_HAL_Driver/Src/stm32wbxx_hal_rcc_ex.o
 .text.LL_RCC_SetLPUARTClockSource
                0x0000000008009910       0x2c ./Drivers/STM32WBxx_HAL_Driver/Src/stm32wbxx_hal_rcc_ex.o
 .text.LL_RCC_SetI2CClockSource
                0x000000000800993c       0x3a ./Drivers/STM32WBxx_HAL_Driver/Src/stm32wbxx_hal_rcc_ex.o
 .text.LL_RCC_SetLPTIMClockSource
                0x0000000008009976       0x34 ./Drivers/STM32WBxx_HAL_Driver/Src/stm32wbxx_hal_rcc_ex.o
 .text.LL_RCC_SetSAIClockSource
                0x00000000080099aa       0x2c ./Drivers/STM32WBxx_HAL_Driver/Src/stm32wbxx_hal_rcc_ex.o
 .text.LL_RCC_SetRNGClockSource
                0x00000000080099d6       0x2c ./Drivers/STM32WBxx_HAL_Driver/Src/stm32wbxx_hal_rcc_ex.o
 .text.LL_RCC_SetCLK48ClockSource
                0x0000000008009a02       0x2c ./Drivers/STM32WBxx_HAL_Driver/Src/stm32wbxx_hal_rcc_ex.o
 .text.LL_RCC_SetUSBClockSource
                0x0000000008009a2e       0x16 ./Drivers/STM32WBxx_HAL_Driver/Src/stm32wbxx_hal_rcc_ex.o
 .text.LL_RCC_SetADCClockSource
                0x0000000008009a44       0x2c ./Drivers/STM32WBxx_HAL_Driver/Src/stm32wbxx_hal_rcc_ex.o
 .text.LL_RCC_GetUSARTClockSource
                0x0000000008009a70       0x20 ./Drivers/STM32WBxx_HAL_Driver/Src/stm32wbxx_hal_rcc_ex.o
 .text.LL_RCC_GetLPUARTClockSource
                0x0000000008009a90       0x20 ./Drivers/STM32WBxx_HAL_Driver/Src/stm32wbxx_hal_rcc_ex.o
 .text.LL_RCC_GetI2CClockSource
                0x0000000008009ab0       0x28 ./Drivers/STM32WBxx_HAL_Driver/Src/stm32wbxx_hal_rcc_ex.o
 .text.LL_RCC_GetLPTIMClockSource
                0x0000000008009ad8       0x26 ./Drivers/STM32WBxx_HAL_Driver/Src/stm32wbxx_hal_rcc_ex.o
 .text.LL_RCC_GetSAIClockSource
                0x0000000008009afe       0x20 ./Drivers/STM32WBxx_HAL_Driver/Src/stm32wbxx_hal_rcc_ex.o
 .text.LL_RCC_GetRNGClockSource
                0x0000000008009b1e       0x20 ./Drivers/STM32WBxx_HAL_Driver/Src/stm32wbxx_hal_rcc_ex.o
 .text.LL_RCC_GetCLK48ClockSource
                0x0000000008009b3e       0x20 ./Drivers/STM32WBxx_HAL_Driver/Src/stm32wbxx_hal_rcc_ex.o
 .text.LL_RCC_GetUSBClockSource
                0x0000000008009b5e       0x18 ./Drivers/STM32WBxx_HAL_Driver/Src/stm32wbxx_hal_rcc_ex.o
 .text.LL_RCC_GetADCClockSource
                0x0000000008009b76       0x20 ./Drivers/STM32WBxx_HAL_Driver/Src/stm32wbxx_hal_rcc_ex.o
 .text.LL_RCC_SetRTCClockSource
                0x0000000008009b96       0x2c ./Drivers/STM32WBxx_HAL_Driver/Src/stm32wbxx_hal_rcc_ex.o
 .text.LL_RCC_GetRTCClockSource
                0x0000000008009bc2       0x1a ./Drivers/STM32WBxx_HAL_Driver/Src/stm32wbxx_hal_rcc_ex.o
 .text.LL_RCC_ForceBackupDomainReset
                0x0000000008009bdc       0x22 ./Drivers/STM32WBxx_HAL_Driver/Src/stm32wbxx_hal_rcc_ex.o
 .text.LL_RCC_ReleaseBackupDomainReset
                0x0000000008009bfe       0x22 ./Drivers/STM32WBxx_HAL_Driver/Src/stm32wbxx_hal_rcc_ex.o
 .text.LL_RCC_PLL_IsReady
                0x0000000008009c20       0x24 ./Drivers/STM32WBxx_HAL_Driver/Src/stm32wbxx_hal_rcc_ex.o
 .text.LL_RCC_PLL_GetN
                0x0000000008009c44       0x1a ./Drivers/STM32WBxx_HAL_Driver/Src/stm32wbxx_hal_rcc_ex.o
 .text.LL_RCC_PLL_GetP
                0x0000000008009c5e       0x18 ./Drivers/STM32WBxx_HAL_Driver/Src/stm32wbxx_hal_rcc_ex.o
 .text.LL_RCC_PLL_GetQ
                0x0000000008009c76       0x18 ./Drivers/STM32WBxx_HAL_Driver/Src/stm32wbxx_hal_rcc_ex.o
 .text.LL_RCC_PLL_GetDivider
                0x0000000008009c8e       0x18 ./Drivers/STM32WBxx_HAL_Driver/Src/stm32wbxx_hal_rcc_ex.o
 .text.LL_RCC_PLLSAI1_Enable
                0x0000000008009ca6       0x1e ./Drivers/STM32WBxx_HAL_Driver/Src/stm32wbxx_hal_rcc_ex.o
 .text.LL_RCC_PLLSAI1_Disable
                0x0000000008009cc4       0x1e ./Drivers/STM32WBxx_HAL_Driver/Src/stm32wbxx_hal_rcc_ex.o
 .text.LL_RCC_PLLSAI1_IsReady
                0x0000000008009ce2       0x24 ./Drivers/STM32WBxx_HAL_Driver/Src/stm32wbxx_hal_rcc_ex.o
 .text.LL_RCC_PLLSAI1_GetN
                0x0000000008009d06       0x1a ./Drivers/STM32WBxx_HAL_Driver/Src/stm32wbxx_hal_rcc_ex.o
 .text.LL_RCC_PLLSAI1_GetP
                0x0000000008009d20       0x18 ./Drivers/STM32WBxx_HAL_Driver/Src/stm32wbxx_hal_rcc_ex.o
 .text.LL_RCC_PLLSAI1_GetQ
                0x0000000008009d38       0x18 ./Drivers/STM32WBxx_HAL_Driver/Src/stm32wbxx_hal_rcc_ex.o
 .text.LL_RCC_PLLSAI1_GetR
                0x0000000008009d50       0x18 ./Drivers/STM32WBxx_HAL_Driver/Src/stm32wbxx_hal_rcc_ex.o
 .text.LL_RCC_PLL_GetMainSource
                0x0000000008009d68       0x18 ./Drivers/STM32WBxx_HAL_Driver/Src/stm32wbxx_hal_rcc_ex.o
 .text.HAL_RCCEx_PeriphCLKConfig
                0x0000000008009d80      0x2ec ./Drivers/STM32WBxx_HAL_Driver/Src/stm32wbxx_hal_rcc_ex.o
                0x0000000008009d80                HAL_RCCEx_PeriphCLKConfig
 .text.HAL_RCCEx_GetPeriphCLKFreq
                0x000000000800a06c      0x7fc ./Drivers/STM32WBxx_HAL_Driver/Src/stm32wbxx_hal_rcc_ex.o
                0x000000000800a06c                HAL_RCCEx_GetPeriphCLKFreq
 .text.HAL_RCCEx_GetRngCLKSource
                0x000000000800a868       0x32 ./Drivers/STM32WBxx_HAL_Driver/Src/stm32wbxx_hal_rcc_ex.o
                0x000000000800a868                HAL_RCCEx_GetRngCLKSource
 .text.HAL_RCCEx_EnableMSIPLLMode
                0x000000000800a89a        0xc ./Drivers/STM32WBxx_HAL_Driver/Src/stm32wbxx_hal_rcc_ex.o
                0x000000000800a89a                HAL_RCCEx_EnableMSIPLLMode
 .text.RCCEx_PLLSAI1_ConfigNP
                0x000000000800a8a6       0xb6 ./Drivers/STM32WBxx_HAL_Driver/Src/stm32wbxx_hal_rcc_ex.o
 .text.RCCEx_PLLSAI1_ConfigNQ
                0x000000000800a95c       0xb6 ./Drivers/STM32WBxx_HAL_Driver/Src/stm32wbxx_hal_rcc_ex.o
 .text.RCCEx_PLLSAI1_ConfigNR
                0x000000000800aa12       0xb6 ./Drivers/STM32WBxx_HAL_Driver/Src/stm32wbxx_hal_rcc_ex.o
 .text.RCC_PLL_GetFreqDomain_P
                0x000000000800aac8       0xac ./Drivers/STM32WBxx_HAL_Driver/Src/stm32wbxx_hal_rcc_ex.o
 .text.RCC_PLL_GetFreqDomain_Q
                0x000000000800ab74       0xac ./Drivers/STM32WBxx_HAL_Driver/Src/stm32wbxx_hal_rcc_ex.o
 .text.RCC_PLLSAI1_GetFreqDomain_R
                0x000000000800ac20       0xac ./Drivers/STM32WBxx_HAL_Driver/Src/stm32wbxx_hal_rcc_ex.o
 .text.RCC_PLLSAI1_GetFreqDomain_P
                0x000000000800accc       0xac ./Drivers/STM32WBxx_HAL_Driver/Src/stm32wbxx_hal_rcc_ex.o
 .text.RCC_PLLSAI1_GetFreqDomain_Q
                0x000000000800ad78       0xac ./Drivers/STM32WBxx_HAL_Driver/Src/stm32wbxx_hal_rcc_ex.o
 .text.HAL_RTC_SetTime
                0x000000000800ae24      0x188 ./Drivers/STM32WBxx_HAL_Driver/Src/stm32wbxx_hal_rtc.o
                0x000000000800ae24                HAL_RTC_SetTime
 .text.HAL_RTC_GetTime
                0x000000000800afac       0xb8 ./Drivers/STM32WBxx_HAL_Driver/Src/stm32wbxx_hal_rtc.o
                0x000000000800afac                HAL_RTC_GetTime
 .text.HAL_RTC_SetDate
                0x000000000800b064      0x15c ./Drivers/STM32WBxx_HAL_Driver/Src/stm32wbxx_hal_rtc.o
                0x000000000800b064                HAL_RTC_SetDate
 .text.HAL_RTC_GetDate
                0x000000000800b1c0       0x9a ./Drivers/STM32WBxx_HAL_Driver/Src/stm32wbxx_hal_rtc.o
                0x000000000800b1c0                HAL_RTC_GetDate
 .text.HAL_RTC_WaitForSynchro
                0x000000000800b25a       0x4c ./Drivers/STM32WBxx_HAL_Driver/Src/stm32wbxx_hal_rtc.o
                0x000000000800b25a                HAL_RTC_WaitForSynchro
 .text.RTC_EnterInitMode
                0x000000000800b2a6       0x54 ./Drivers/STM32WBxx_HAL_Driver/Src/stm32wbxx_hal_rtc.o
                0x000000000800b2a6                RTC_EnterInitMode
 .text.RTC_ByteToBcd2
                0x000000000800b2fa       0x40 ./Drivers/STM32WBxx_HAL_Driver/Src/stm32wbxx_hal_rtc.o
                0x000000000800b2fa                RTC_ByteToBcd2
 .text.RTC_Bcd2ToByte
                0x000000000800b33a       0x38 ./Drivers/STM32WBxx_HAL_Driver/Src/stm32wbxx_hal_rtc.o
                0x000000000800b33a                RTC_Bcd2ToByte
 .text.HAL_SAI_InitProtocol
                0x000000000800b372       0x62 ./Drivers/STM32WBxx_HAL_Driver/Src/stm32wbxx_hal_sai.o
                0x000000000800b372                HAL_SAI_InitProtocol
 .text.HAL_SAI_Init
                0x000000000800b3d4      0x324 ./Drivers/STM32WBxx_HAL_Driver/Src/stm32wbxx_hal_sai.o
                0x000000000800b3d4                HAL_SAI_Init
 .text.SAI_InitI2S
                0x000000000800b6f8      0x164 ./Drivers/STM32WBxx_HAL_Driver/Src/stm32wbxx_hal_sai.o
 .text.SAI_InitPCM
                0x000000000800b85c      0x104 ./Drivers/STM32WBxx_HAL_Driver/Src/stm32wbxx_hal_sai.o
 .text.SAI_Disable
                0x000000000800b960       0x74 ./Drivers/STM32WBxx_HAL_Driver/Src/stm32wbxx_hal_sai.o
 .text.HAL_SPI_Init
                0x000000000800b9d4      0x146 ./Drivers/STM32WBxx_HAL_Driver/Src/stm32wbxx_hal_spi.o
                0x000000000800b9d4                HAL_SPI_Init
 .text.HAL_SPI_Transmit
                0x000000000800bb1a      0x2dc ./Drivers/STM32WBxx_HAL_Driver/Src/stm32wbxx_hal_spi.o
                0x000000000800bb1a                HAL_SPI_Transmit
 .text.HAL_SPI_TransmitReceive
                0x000000000800bdf6      0x426 ./Drivers/STM32WBxx_HAL_Driver/Src/stm32wbxx_hal_spi.o
                0x000000000800bdf6                HAL_SPI_TransmitReceive
 .text.HAL_SPI_IRQHandler
                0x000000000800c21c      0x200 ./Drivers/STM32WBxx_HAL_Driver/Src/stm32wbxx_hal_spi.o
                0x000000000800c21c                HAL_SPI_IRQHandler
 .text.HAL_SPI_ErrorCallback
                0x000000000800c41c       0x14 ./Drivers/STM32WBxx_HAL_Driver/Src/stm32wbxx_hal_spi.o
                0x000000000800c41c                HAL_SPI_ErrorCallback
 .text.SPI_DMAAbortOnError
                0x000000000800c430       0x2a ./Drivers/STM32WBxx_HAL_Driver/Src/stm32wbxx_hal_spi.o
 *fill*         0x000000000800c45a        0x2 
 .text.SPI_WaitFlagStateUntilTimeout
                0x000000000800c45c      0x110 ./Drivers/STM32WBxx_HAL_Driver/Src/stm32wbxx_hal_spi.o
 .text.SPI_WaitFifoStateUntilTimeout
                0x000000000800c56c      0x12c ./Drivers/STM32WBxx_HAL_Driver/Src/stm32wbxx_hal_spi.o
 .text.SPI_EndRxTxTransaction
                0x000000000800c698       0x8c ./Drivers/STM32WBxx_HAL_Driver/Src/stm32wbxx_hal_spi.o
 .text.HAL_TIM_Base_Init
                0x000000000800c724       0xae ./Drivers/STM32WBxx_HAL_Driver/Src/stm32wbxx_hal_tim.o
                0x000000000800c724                HAL_TIM_Base_Init
 *fill*         0x000000000800c7d2        0x2 
 .text.HAL_TIM_Base_Start_IT
                0x000000000800c7d4       0x9c ./Drivers/STM32WBxx_HAL_Driver/Src/stm32wbxx_hal_tim.o
                0x000000000800c7d4                HAL_TIM_Base_Start_IT
 .text.HAL_TIM_OC_Init
                0x000000000800c870       0xae ./Drivers/STM32WBxx_HAL_Driver/Src/stm32wbxx_hal_tim.o
                0x000000000800c870                HAL_TIM_OC_Init
 .text.HAL_TIM_OC_MspInit
                0x000000000800c91e       0x14 ./Drivers/STM32WBxx_HAL_Driver/Src/stm32wbxx_hal_tim.o
                0x000000000800c91e                HAL_TIM_OC_MspInit
 .text.HAL_TIM_PWM_Init
                0x000000000800c932       0xae ./Drivers/STM32WBxx_HAL_Driver/Src/stm32wbxx_hal_tim.o
                0x000000000800c932                HAL_TIM_PWM_Init
 .text.HAL_TIM_PWM_MspInit
                0x000000000800c9e0       0x14 ./Drivers/STM32WBxx_HAL_Driver/Src/stm32wbxx_hal_tim.o
                0x000000000800c9e0                HAL_TIM_PWM_MspInit
 .text.HAL_TIM_IRQHandler
                0x000000000800c9f4      0x23e ./Drivers/STM32WBxx_HAL_Driver/Src/stm32wbxx_hal_tim.o
                0x000000000800c9f4                HAL_TIM_IRQHandler
 *fill*         0x000000000800cc32        0x2 
 .text.HAL_TIM_OC_ConfigChannel
                0x000000000800cc34       0xf4 ./Drivers/STM32WBxx_HAL_Driver/Src/stm32wbxx_hal_tim.o
                0x000000000800cc34                HAL_TIM_OC_ConfigChannel
 .text.HAL_TIM_PWM_ConfigChannel
                0x000000000800cd28      0x228 ./Drivers/STM32WBxx_HAL_Driver/Src/stm32wbxx_hal_tim.o
                0x000000000800cd28                HAL_TIM_PWM_ConfigChannel
 .text.HAL_TIM_ConfigClockSource
                0x000000000800cf50      0x192 ./Drivers/STM32WBxx_HAL_Driver/Src/stm32wbxx_hal_tim.o
                0x000000000800cf50                HAL_TIM_ConfigClockSource
 .text.HAL_TIM_OC_DelayElapsedCallback
                0x000000000800d0e2       0x14 ./Drivers/STM32WBxx_HAL_Driver/Src/stm32wbxx_hal_tim.o
                0x000000000800d0e2                HAL_TIM_OC_DelayElapsedCallback
 .text.HAL_TIM_IC_CaptureCallback
                0x000000000800d0f6       0x14 ./Drivers/STM32WBxx_HAL_Driver/Src/stm32wbxx_hal_tim.o
                0x000000000800d0f6                HAL_TIM_IC_CaptureCallback
 .text.HAL_TIM_TriggerCallback
                0x000000000800d10a       0x14 ./Drivers/STM32WBxx_HAL_Driver/Src/stm32wbxx_hal_tim.o
                0x000000000800d10a                HAL_TIM_TriggerCallback
 *fill*         0x000000000800d11e        0x2 
 .text.TIM_Base_SetConfig
                0x000000000800d120       0xc8 ./Drivers/STM32WBxx_HAL_Driver/Src/stm32wbxx_hal_tim.o
                0x000000000800d120                TIM_Base_SetConfig
 .text.TIM_OC1_SetConfig
                0x000000000800d1e8       0xf8 ./Drivers/STM32WBxx_HAL_Driver/Src/stm32wbxx_hal_tim.o
 .text.TIM_OC2_SetConfig
                0x000000000800d2e0       0xf4 ./Drivers/STM32WBxx_HAL_Driver/Src/stm32wbxx_hal_tim.o
                0x000000000800d2e0                TIM_OC2_SetConfig
 .text.TIM_OC3_SetConfig
                0x000000000800d3d4       0xf0 ./Drivers/STM32WBxx_HAL_Driver/Src/stm32wbxx_hal_tim.o
 .text.TIM_OC4_SetConfig
                0x000000000800d4c4       0xbc ./Drivers/STM32WBxx_HAL_Driver/Src/stm32wbxx_hal_tim.o
 .text.TIM_OC5_SetConfig
                0x000000000800d580       0xb0 ./Drivers/STM32WBxx_HAL_Driver/Src/stm32wbxx_hal_tim.o
 .text.TIM_OC6_SetConfig
                0x000000000800d630       0xb4 ./Drivers/STM32WBxx_HAL_Driver/Src/stm32wbxx_hal_tim.o
 .text.TIM_TI1_ConfigInputStage
                0x000000000800d6e4       0x5e ./Drivers/STM32WBxx_HAL_Driver/Src/stm32wbxx_hal_tim.o
 .text.TIM_TI2_ConfigInputStage
                0x000000000800d742       0x60 ./Drivers/STM32WBxx_HAL_Driver/Src/stm32wbxx_hal_tim.o
 .text.TIM_ITRx_SetConfig
                0x000000000800d7a2       0x3a ./Drivers/STM32WBxx_HAL_Driver/Src/stm32wbxx_hal_tim.o
 .text.TIM_ETR_SetConfig
                0x000000000800d7dc       0x40 ./Drivers/STM32WBxx_HAL_Driver/Src/stm32wbxx_hal_tim.o
                0x000000000800d7dc                TIM_ETR_SetConfig
 .text.HAL_TIMEx_MasterConfigSynchronization
                0x000000000800d81c       0xc0 ./Drivers/STM32WBxx_HAL_Driver/Src/stm32wbxx_hal_tim_ex.o
                0x000000000800d81c                HAL_TIMEx_MasterConfigSynchronization
 .text.HAL_TIMEx_ConfigBreakDeadTime
                0x000000000800d8dc      0x120 ./Drivers/STM32WBxx_HAL_Driver/Src/stm32wbxx_hal_tim_ex.o
                0x000000000800d8dc                HAL_TIMEx_ConfigBreakDeadTime
 .text.HAL_TIMEx_CommutCallback
                0x000000000800d9fc       0x14 ./Drivers/STM32WBxx_HAL_Driver/Src/stm32wbxx_hal_tim_ex.o
                0x000000000800d9fc                HAL_TIMEx_CommutCallback
 .text.HAL_TIMEx_BreakCallback
                0x000000000800da10       0x14 ./Drivers/STM32WBxx_HAL_Driver/Src/stm32wbxx_hal_tim_ex.o
                0x000000000800da10                HAL_TIMEx_BreakCallback
 .text.HAL_TIMEx_Break2Callback
                0x000000000800da24       0x14 ./Drivers/STM32WBxx_HAL_Driver/Src/stm32wbxx_hal_tim_ex.o
                0x000000000800da24                HAL_TIMEx_Break2Callback
 .text.USB_EnableGlobalInt
                0x000000000800da38       0x2e ./Drivers/STM32WBxx_HAL_Driver/Src/stm32wbxx_ll_usb.o
                0x000000000800da38                USB_EnableGlobalInt
 .text.USB_DisableGlobalInt
                0x000000000800da66       0x36 ./Drivers/STM32WBxx_HAL_Driver/Src/stm32wbxx_ll_usb.o
                0x000000000800da66                USB_DisableGlobalInt
 .text.USB_DevInit
                0x000000000800da9c       0x42 ./Drivers/STM32WBxx_HAL_Driver/Src/stm32wbxx_ll_usb.o
                0x000000000800da9c                USB_DevInit
 *fill*         0x000000000800dade        0x2 
 .text.USB_ActivateEndpoint
                0x000000000800dae0      0x728 ./Drivers/STM32WBxx_HAL_Driver/Src/stm32wbxx_ll_usb.o
                0x000000000800dae0                USB_ActivateEndpoint
 .text.USB_EPStartXfer
                0x000000000800e208     0x11a4 ./Drivers/STM32WBxx_HAL_Driver/Src/stm32wbxx_ll_usb.o
                0x000000000800e208                USB_EPStartXfer
 .text.USB_EPSetStall
                0x000000000800f3ac       0xa2 ./Drivers/STM32WBxx_HAL_Driver/Src/stm32wbxx_ll_usb.o
                0x000000000800f3ac                USB_EPSetStall
 .text.USB_EPClearStall
                0x000000000800f44e      0x15c ./Drivers/STM32WBxx_HAL_Driver/Src/stm32wbxx_ll_usb.o
                0x000000000800f44e                USB_EPClearStall
 .text.USB_SetDevAddress
                0x000000000800f5aa       0x28 ./Drivers/STM32WBxx_HAL_Driver/Src/stm32wbxx_ll_usb.o
                0x000000000800f5aa                USB_SetDevAddress
 .text.USB_DevConnect
                0x000000000800f5d2       0x2e ./Drivers/STM32WBxx_HAL_Driver/Src/stm32wbxx_ll_usb.o
                0x000000000800f5d2                USB_DevConnect
 .text.USB_DevDisconnect
                0x000000000800f600       0x2a ./Drivers/STM32WBxx_HAL_Driver/Src/stm32wbxx_ll_usb.o
                0x000000000800f600                USB_DevDisconnect
 .text.USB_ReadInterrupts
                0x000000000800f62a       0x20 ./Drivers/STM32WBxx_HAL_Driver/Src/stm32wbxx_ll_usb.o
                0x000000000800f62a                USB_ReadInterrupts
 .text.USB_WritePMA
                0x000000000800f64a       0x84 ./Drivers/STM32WBxx_HAL_Driver/Src/stm32wbxx_ll_usb.o
                0x000000000800f64a                USB_WritePMA
 .text.USB_ReadPMA
                0x000000000800f6ce       0x98 ./Drivers/STM32WBxx_HAL_Driver/Src/stm32wbxx_ll_usb.o
                0x000000000800f6ce                USB_ReadPMA
 *fill*         0x000000000800f766        0x2 
 .text.__NVIC_SystemReset
                0x000000000800f768       0x2c ./Middlewares/ST/STM32_USB_Device_Library/Class/DFU/Src/usbd_dfu.o
 .text.USBD_DFU_Init
                0x000000000800f794       0xb0 ./Middlewares/ST/STM32_USB_Device_Library/Class/DFU/Src/usbd_dfu.o
 .text.USBD_DFU_DeInit
                0x000000000800f844       0x72 ./Middlewares/ST/STM32_USB_Device_Library/Class/DFU/Src/usbd_dfu.o
 *fill*         0x000000000800f8b6        0x2 
 .text.USBD_DFU_Setup
                0x000000000800f8b8      0x1e4 ./Middlewares/ST/STM32_USB_Device_Library/Class/DFU/Src/usbd_dfu.o
 .text.USBD_DFU_GetCfgDesc
                0x000000000800fa9c       0x20 ./Middlewares/ST/STM32_USB_Device_Library/Class/DFU/Src/usbd_dfu.o
 .text.USBD_DFU_EP0_RxReady
                0x000000000800fabc       0x16 ./Middlewares/ST/STM32_USB_Device_Library/Class/DFU/Src/usbd_dfu.o
 .text.USBD_DFU_EP0_TxReady
                0x000000000800fad2      0x1c8 ./Middlewares/ST/STM32_USB_Device_Library/Class/DFU/Src/usbd_dfu.o
 .text.USBD_DFU_SOF
                0x000000000800fc9a       0x16 ./Middlewares/ST/STM32_USB_Device_Library/Class/DFU/Src/usbd_dfu.o
 .text.USBD_DFU_GetDeviceQualifierDesc
                0x000000000800fcb0       0x20 ./Middlewares/ST/STM32_USB_Device_Library/Class/DFU/Src/usbd_dfu.o
 .text.USBD_DFU_GetUsrStringDesc
                0x000000000800fcd0       0x3c ./Middlewares/ST/STM32_USB_Device_Library/Class/DFU/Src/usbd_dfu.o
 .text.USBD_DFU_RegisterMedia
                0x000000000800fd0c       0x2a ./Middlewares/ST/STM32_USB_Device_Library/Class/DFU/Src/usbd_dfu.o
                0x000000000800fd0c                USBD_DFU_RegisterMedia
 *fill*         0x000000000800fd36        0x2 
 .text.DFU_Detach
                0x000000000800fd38       0xc8 ./Middlewares/ST/STM32_USB_Device_Library/Class/DFU/Src/usbd_dfu.o
 .text.DFU_Download
                0x000000000800fe00       0xd8 ./Middlewares/ST/STM32_USB_Device_Library/Class/DFU/Src/usbd_dfu.o
 .text.DFU_Upload
                0x000000000800fed8      0x1b2 ./Middlewares/ST/STM32_USB_Device_Library/Class/DFU/Src/usbd_dfu.o
 *fill*         0x000000000801008a        0x2 
 .text.DFU_GetStatus
                0x000000000801008c      0x16c ./Middlewares/ST/STM32_USB_Device_Library/Class/DFU/Src/usbd_dfu.o
 .text.DFU_ClearStatus
                0x00000000080101f8       0xa8 ./Middlewares/ST/STM32_USB_Device_Library/Class/DFU/Src/usbd_dfu.o
 .text.DFU_GetState
                0x00000000080102a0       0x30 ./Middlewares/ST/STM32_USB_Device_Library/Class/DFU/Src/usbd_dfu.o
 .text.DFU_Abort
                0x00000000080102d0       0xa2 ./Middlewares/ST/STM32_USB_Device_Library/Class/DFU/Src/usbd_dfu.o
 *fill*         0x0000000008010372        0x2 
 .text.DFU_Leave
                0x0000000008010374       0x9c ./Middlewares/ST/STM32_USB_Device_Library/Class/DFU/Src/usbd_dfu.o
 .text.USBD_Init
                0x0000000008010410       0x60 ./Middlewares/ST/STM32_USB_Device_Library/Core/Src/usbd_core.o
                0x0000000008010410                USBD_Init
 .text.USBD_RegisterClass
                0x0000000008010470       0x4e ./Middlewares/ST/STM32_USB_Device_Library/Core/Src/usbd_core.o
                0x0000000008010470                USBD_RegisterClass
 .text.USBD_Start
                0x00000000080104be       0x18 ./Middlewares/ST/STM32_USB_Device_Library/Core/Src/usbd_core.o
                0x00000000080104be                USBD_Start
 .text.USBD_Stop
                0x00000000080104d6       0x36 ./Middlewares/ST/STM32_USB_Device_Library/Core/Src/usbd_core.o
                0x00000000080104d6                USBD_Stop
 .text.USBD_RunTestMode
                0x000000000801050c       0x16 ./Middlewares/ST/STM32_USB_Device_Library/Core/Src/usbd_core.o
                0x000000000801050c                USBD_RunTestMode
 .text.USBD_SetClassConfig
                0x0000000008010522       0x38 ./Middlewares/ST/STM32_USB_Device_Library/Core/Src/usbd_core.o
                0x0000000008010522                USBD_SetClassConfig
 .text.USBD_ClrClassConfig
                0x000000000801055a       0x30 ./Middlewares/ST/STM32_USB_Device_Library/Core/Src/usbd_core.o
                0x000000000801055a                USBD_ClrClassConfig
 .text.USBD_LL_SetupStage
                0x000000000801058a       0xaa ./Middlewares/ST/STM32_USB_Device_Library/Core/Src/usbd_core.o
                0x000000000801058a                USBD_LL_SetupStage
 .text.USBD_LL_DataOutStage
                0x0000000008010634       0xc6 ./Middlewares/ST/STM32_USB_Device_Library/Core/Src/usbd_core.o
                0x0000000008010634                USBD_LL_DataOutStage
 .text.USBD_LL_DataInStage
                0x00000000080106fa      0x12c ./Middlewares/ST/STM32_USB_Device_Library/Core/Src/usbd_core.o
                0x00000000080106fa                USBD_LL_DataInStage
 .text.USBD_LL_Reset
                0x0000000008010826       0x9c ./Middlewares/ST/STM32_USB_Device_Library/Core/Src/usbd_core.o
                0x0000000008010826                USBD_LL_Reset
 .text.USBD_LL_SetSpeed
                0x00000000080108c2       0x20 ./Middlewares/ST/STM32_USB_Device_Library/Core/Src/usbd_core.o
                0x00000000080108c2                USBD_LL_SetSpeed
 .text.USBD_LL_Suspend
                0x00000000080108e2       0x2c ./Middlewares/ST/STM32_USB_Device_Library/Core/Src/usbd_core.o
                0x00000000080108e2                USBD_LL_Suspend
 .text.USBD_LL_Resume
                0x000000000801090e       0x30 ./Middlewares/ST/STM32_USB_Device_Library/Core/Src/usbd_core.o
                0x000000000801090e                USBD_LL_Resume
 .text.USBD_LL_SOF