stm32wbxx_ll_system.h:2221:26:LL_FLASH_GetUDN	4	static
stm32wbxx_ll_system.h:2233:26:LL_FLASH_GetDeviceID	4	static
stm32wbxx_ll_system.h:2245:26:LL_FLASH_GetSTCompanyID	4	static
app_ble.c:348:6:APP_BLE_Init	72	static
app_ble.c:590:28:SVCCTL_App_Notification	48	static
app_ble.c:816:22:APP_BLE_Get_Server_Connection_Status	4	static
app_ble.c:822:9:APP_BLE_ComputeCRC8	24	static
app_ble.c:841:6:BLE_SVC_L2CAP_Conn_Update_7_5	40	static
app_ble.c:872:6:LinkConfiguration	24	static
app_ble.c:933:13:Ble_Tl_Init	16	static
app_ble.c:947:13:Ble_Hci_Gap_Gatt_Init	72	static
app_ble.c:1151:13:Adv_Request	56	static
app_ble.c:1236:16:BleGetBdAddress	32	static
app_ble.c:1293:13:Add_Advertisment_Service_UUID_128	16	static
app_ble.c:1307:13:Add_Advertisment_Service_UUID	16	static
app_ble.c:1319:13:Adv_Mgr	8	static
app_ble.c:1331:13:AdvUpdateProcess	16	static
app_ble.c:1342:13:Adv_Update	8	static
app_ble.c:1349:13:HciUserEvtProcess	16	static
app_ble.c:1368:6:hci_notify_asynch_evt	16	static
app_ble.c:1375:6:hci_cmd_resp_release	16	static
app_ble.c:1382:6:hci_cmd_resp_wait	16	static
app_ble.c:1389:13:BLE_UserEvtRx	24	static
app_ble.c:1409:13:BLE_StatusNot	16	static
app_ble.c:1427:6:SVCCTL_ResumeUserEventFlow	8	static
app_ble.c:1434:6:SVCCTL_InitCustomSvc	8	static
