stm32wbxx_ll_system.h:2221:26:LL_FLASH_GetUDN	4	static
stm32wbxx_ll_system.h:2233:26:LL_FLASH_GetDeviceID	4	static
stm32wbxx_ll_system.h:2245:26:LL_FLASH_GetSTCompanyID	4	static
app_ble.c:347:6:APP_BLE_Init	64	static
app_ble.c:575:28:SVCCTL_App_Notification	48	static
app_ble.c:795:22:APP_BLE_Get_Server_Connection_Status	4	static
app_ble.c:801:9:APP_BLE_ComputeCRC8	24	static
app_ble.c:820:6:BLE_SVC_L2CAP_Conn_Update_7_5	40	static
app_ble.c:851:6:LinkConfiguration	24	static
app_ble.c:912:13:Ble_Tl_Init	16	static
app_ble.c:926:13:Ble_Hci_Gap_Gatt_Init	72	static
app_ble.c:1130:13:Adv_Request	56	static
app_ble.c:1215:16:BleGetBdAddress	32	static
app_ble.c:1272:13:Add_Advertisment_Service_UUID	16	static
app_ble.c:1284:13:Adv_Mgr	8	static
app_ble.c:1296:13:AdvUpdateProcess	16	static
app_ble.c:1307:13:Adv_Update	8	static
app_ble.c:1314:13:HciUserEvtProcess	16	static
app_ble.c:1333:6:hci_notify_asynch_evt	16	static
app_ble.c:1340:6:hci_cmd_resp_release	16	static
app_ble.c:1347:6:hci_cmd_resp_wait	16	static
app_ble.c:1354:13:BLE_UserEvtRx	24	static
app_ble.c:1374:13:BLE_StatusNot	16	static
app_ble.c:1392:6:SVCCTL_ResumeUserEventFlow	8	static
app_ble.c:1399:6:SVCCTL_InitCustomSvc	8	static
