dt_server_app.c:124:6:DTS_App_Init	4	static
dt_server_app.c:154:6:DTS_App_KeyButtonAction	8	static
dt_server_app.c:159:6:DTS_App_KeyButton2Action	8	static
dt_server_app.c:164:6:DTS_App_KeyButton3Action	8	static
dt_server_app.c:169:6:DTS_App_TxPoolAvailableNotification	4	static
dt_server_app.c:182:6:DTS_Notification	16	static
dt_server_app.c:236:6:SendData	24	static
dt_server_app.c:362:9:sendCaptivatePacket_BLE	24	static
dt_server_app.c:390:6:Resume_Notification	4	static
dt_server_app.c:393:6:ButtonTriggerReceived	16	static
dt_server_app.c:413:6:DT_App_Button2_Trigger_Received	16	static
dt_server_app.c:423:13:Appli_UpdateButtonState	24	static
dt_server_app.c:442:6:DT_App_Button3_Trigger_Received	16	static
dt_server_app.c:450:6:BLE_App_Delay_DataThroughput	40	static
