Adafruit_BME680.cpp:57:1:Adafruit_BME680::Adafruit_BME680()	16	static
Adafruit_BME680.cpp:103:6:bool Adafruit_BME680::begin(uint8_t, I2C_HandleTypeDef*, bool)	32	static
Adafruit_BME680.cpp:221:7:float Adafruit_BME680::readTemperature()	16	static
Adafruit_BME680.cpp:230:7:float Adafruit_BME680::readPressure()	16	static
Adafruit_BME680.cpp:239:7:float Adafruit_BME680::readHumidity()	16	static
Adafruit_BME680.cpp:248:10:uint32_t Adafruit_BME680::readGas()	16	static
Adafruit_BME680.cpp:261:7:float Adafruit_BME680::readAltitude(float)	24	static
Adafruit_BME680.cpp:280:6:bool Adafruit_BME680::performReading()	16	static
Adafruit_BME680.cpp:285:10:uint32_t Adafruit_BME680::beginReading()	24	static
Adafruit_BME680.cpp:320:6:bool Adafruit_BME680::endReading()	56	static
Adafruit_BME680.cpp:389:5:int Adafruit_BME680::remainingReadingMillis()	32	static
Adafruit_BME680.cpp:406:6:bool Adafruit_BME680::setGasHeater(uint16_t, uint16_t)	24	static
Adafruit_BME680.cpp:434:6:bool Adafruit_BME680::setODR(uint8_t)	24	static
Adafruit_BME680.cpp:457:6:bool Adafruit_BME680::setTemperatureOversampling(uint8_t)	24	static
Adafruit_BME680.cpp:479:6:bool Adafruit_BME680::setHumidityOversampling(uint8_t)	24	static
Adafruit_BME680.cpp:501:6:bool Adafruit_BME680::setPressureOversampling(uint8_t)	24	static
Adafruit_BME680.cpp:524:6:bool Adafruit_BME680::setIIRFilterSize(uint8_t)	24	static
Adafruit_BME680.cpp:537:8:int8_t Adafruit_BME680::readRegister(uint16_t, uint8_t*, uint16_t, void*)	40	static
Adafruit_BME680.cpp:547:8:int8_t Adafruit_BME680::writeRegister(uint8_t, uint8_t*, uint16_t, void*)	40	static
Adafruit_BME680.cpp:560:8:int8_t i2c_read(uint8_t, uint8_t*, uint32_t, void*)	56	static
Adafruit_BME680.cpp:575:8:int8_t i2c_write(uint8_t, const uint8_t*, uint32_t, void*)	56	static
Adafruit_BME680.cpp:587:13:void delay_usec(uint32_t, void*)	24	static
Adafruit_BME680.cpp:604:10:uint32_t GetMicros()	8	static
cmath:415:5:constexpr typename __gnu_cxx::__promote_2<_Tp, _Up>::__type std::pow(_Tp, _Up) [with _Tp = float; _Up = double]	24	static
