CaliPile.cpp:18:6:void CALIPILE::setup(uint8_t, I2C_HandleTypeDef*, uint8_t)	0	static
CaliPile.cpp:186:7:float CALIPILE::getTamb(uint16_t)	0	static
CaliPile.cpp:191:7:float CALIPILE::getTobj(uint32_t, float)	16	static
CaliPile.cpp:258:6:bool CALIPILE::write(uint8_t*, uint8_t)	16	static
CaliPile.cpp:267:6:bool CALIPILE::read(uint8_t*, uint8_t)	16	static
CaliPile.cpp:276:6:bool CALIPILE::readRegister(uint16_t, uint8_t*, uint16_t)	24	static
CaliPile.cpp:246:9:uint8_t CALIPILE::readByte(uint8_t, uint8_t)	16	static
CaliPile.cpp:93:9:uint8_t CALIPILE::checkIntStatus()	8	static
CaliPile.cpp:171:9:uint8_t CALIPILE::getTPPRESENCE()	8	static
CaliPile.cpp:176:9:uint8_t CALIPILE::getTPMOTION()	8	static
CaliPile.cpp:181:9:uint8_t CALIPILE::getTPAMBSHK()	8	static
CaliPile.cpp:252:6:void CALIPILE::readBytes(uint8_t, uint8_t, uint8_t, uint8_t*)	8	static
CaliPile.cpp:125:10:uint16_t CALIPILE::getTPAMB()	24	static
CaliPile.cpp:132:10:uint32_t CALIPILE::getTPOBJ()	24	static
CaliPile.cpp:139:10:uint32_t CALIPILE::getTPOBJLP1()	24	static
CaliPile.cpp:147:10:uint32_t CALIPILE::getTPOBJLP2()	24	static
CaliPile.cpp:155:10:uint16_t CALIPILE::getTPAMBLP3()	24	static
CaliPile.cpp:163:10:uint32_t CALIPILE::getTPOBJLP2FRZN()	24	static
CaliPile.cpp:285:6:bool CALIPILE::writeRegister(uint8_t, uint8_t*, uint16_t)	24	static
CaliPile.cpp:242:6:void CALIPILE::writeByte(uint8_t, uint8_t, uint8_t)	16	static
CaliPile.cpp:24:6:void CALIPILE::wake()	8	static
CaliPile.cpp:29:6:void CALIPILE::readEEPROM()	40	static
CaliPile.cpp:98:6:void CALIPILE::initMotion(uint8_t, uint8_t, uint8_t, uint8_t)	24	static
CaliPile.cpp:112:6:void CALIPILE::initTempThr(uint16_t)	32	static
