CaliPile.cpp:19:6:void CALIPILE::setup(uint8_t, I2C_HandleTypeDef*, uint8_t)	0	static
CaliPile.cpp:25:6:void CALIPILE::wake()	32	static
CaliPile.cpp:189:7:float CALIPILE::getTamb(uint16_t)	0	static
CaliPile.cpp:194:7:float CALIPILE::getTobj(uint32_t, float)	16	static
CaliPile.cpp:261:6:bool CALIPILE::write(uint8_t*, uint8_t)	16	static
CaliPile.cpp:270:6:bool CALIPILE::read(uint8_t*, uint8_t)	16	static
CaliPile.cpp:279:6:bool CALIPILE::readRegister(uint16_t, uint8_t*, uint16_t)	24	static
CaliPile.cpp:249:9:uint8_t CALIPILE::readByte(uint8_t, uint8_t)	16	static
CaliPile.cpp:96:9:uint8_t CALIPILE::checkIntStatus()	8	static
CaliPile.cpp:174:9:uint8_t CALIPILE::getTPPRESENCE()	8	static
CaliPile.cpp:179:9:uint8_t CALIPILE::getTPMOTION()	8	static
CaliPile.cpp:184:9:uint8_t CALIPILE::getTPAMBSHK()	8	static
CaliPile.cpp:255:6:void CALIPILE::readBytes(uint8_t, uint8_t, uint8_t, uint8_t*)	8	static
CaliPile.cpp:128:10:uint16_t CALIPILE::getTPAMB()	24	static
CaliPile.cpp:135:10:uint32_t CALIPILE::getTPOBJ()	24	static
CaliPile.cpp:142:10:uint32_t CALIPILE::getTPOBJLP1()	24	static
CaliPile.cpp:150:10:uint32_t CALIPILE::getTPOBJLP2()	24	static
CaliPile.cpp:158:10:uint16_t CALIPILE::getTPAMBLP3()	24	static
CaliPile.cpp:166:10:uint32_t CALIPILE::getTPOBJLP2FRZN()	24	static
CaliPile.cpp:288:6:bool CALIPILE::writeRegister(uint8_t, uint8_t*, uint16_t)	24	static
CaliPile.cpp:245:6:void CALIPILE::writeByte(uint8_t, uint8_t, uint8_t)	16	static
CaliPile.cpp:32:6:void CALIPILE::readEEPROM()	40	static
CaliPile.cpp:101:6:void CALIPILE::initMotion(uint8_t, uint8_t, uint8_t, uint8_t)	24	static
CaliPile.cpp:115:6:void CALIPILE::initTempThr(uint16_t)	32	static
