stm32wbxx_hal_rcc_ex.c:2157:17:RCC_PLL_GetFreqDomain_P	0	static
stm32wbxx_hal_rcc_ex.c:2200:17:RCC_PLL_GetFreqDomain_Q	0	static
stm32wbxx_hal_rcc_ex.c:2244:17:RCC_PLLSAI1_GetFreqDomain_R	0	static
stm32wbxx_hal_rcc_ex.c:2285:17:RCC_PLLSAI1_GetFreqDomain_P	0	static
stm32wbxx_hal_rcc_ex.c:2326:17:RCC_PLLSAI1_GetFreqDomain_Q	0	static
stm32wbxx_hal_rcc_ex.c:1956:26:RCCEx_PLLSAI1_ConfigNP	16	static
stm32wbxx_hal_rcc_ex.c:2025:26:RCCEx_PLLSAI1_ConfigNQ	16	static
stm32wbxx_hal_rcc_ex.c:2093:26:RCCEx_PLLSAI1_ConfigNR	16	static
stm32wbxx_hal_rcc_ex.c:147:19:HAL_RCCEx_PeriphCLKConfig	16	static
stm32wbxx_hal_rcc_ex.c:1134:10:HAL_RCCEx_GetRngCLKSource	0	static
stm32wbxx_hal_rcc_ex.c:442:6:HAL_RCCEx_GetPeriphCLKConfig	16	static
stm32wbxx_hal_rcc_ex.c:553:10:HAL_RCCEx_GetPeriphCLKFreq	8	static
stm32wbxx_hal_rcc_ex.c:1175:19:HAL_RCCEx_EnablePLLSAI1	16	static
stm32wbxx_hal_rcc_ex.c:1235:19:HAL_RCCEx_DisablePLLSAI1	8	static
stm32wbxx_hal_rcc_ex.c:1275:6:HAL_RCCEx_WakeUpStopCLKConfig	0	static
stm32wbxx_hal_rcc_ex.c:1289:6:HAL_RCCEx_EnableLSECSS	0	static
stm32wbxx_hal_rcc_ex.c:1299:6:HAL_RCCEx_DisableLSECSS	0	static
stm32wbxx_hal_rcc_ex.c:1312:6:HAL_RCCEx_EnableLSECSS_IT	0	static
stm32wbxx_hal_rcc_ex.c:1348:13:HAL_RCCEx_LSECSS_Callback	0	static
stm32wbxx_hal_rcc_ex.c:1331:6:HAL_RCCEx_LSECSS_IRQHandler	8	static
stm32wbxx_hal_rcc_ex.c:1369:6:HAL_RCCEx_LSCOConfig	40	static
stm32wbxx_hal_rcc_ex.c:1450:6:HAL_RCCEx_EnableLSCO	32	static
stm32wbxx_hal_rcc_ex.c:1492:6:HAL_RCCEx_DisableLSCO	8	static
stm32wbxx_hal_rcc_ex.c:1523:6:HAL_RCCEx_EnableMSIPLLMode	0	static
stm32wbxx_hal_rcc_ex.c:1533:6:HAL_RCCEx_DisableMSIPLLMode	0	static
stm32wbxx_hal_rcc_ex.c:1549:19:HAL_RCCEx_TrimOsc	0	static
stm32wbxx_hal_rcc_ex.c:1651:6:HAL_RCCEx_CRSConfig	0	static
stm32wbxx_hal_rcc_ex.c:1693:6:HAL_RCCEx_CRSSoftwareSynchronizationGenerate	0	static
stm32wbxx_hal_rcc_ex.c:1703:6:HAL_RCCEx_CRSGetSynchronizationInfo	0	static
stm32wbxx_hal_rcc_ex.c:1736:10:HAL_RCCEx_CRSWaitSynchronization	16	static
stm32wbxx_hal_rcc_ex.c:1885:13:HAL_RCCEx_CRS_SyncOkCallback	0	static
stm32wbxx_hal_rcc_ex.c:1896:13:HAL_RCCEx_CRS_SyncWarnCallback	0	static
stm32wbxx_hal_rcc_ex.c:1907:13:HAL_RCCEx_CRS_ExpectedSyncCallback	0	static
stm32wbxx_hal_rcc_ex.c:1923:13:HAL_RCCEx_CRS_ErrorCallback	0	static
stm32wbxx_hal_rcc_ex.c:1820:6:HAL_RCCEx_CRS_IRQHandler	8	static
