stm32wbxx_hal_adc.c:1209:13:HAL_ADC_MspInit	0	static
stm32wbxx_hal_adc.c:398:19:HAL_ADC_Init	24	static
stm32wbxx_hal_adc.c:1226:13:HAL_ADC_MspDeInit	0	static
stm32wbxx_hal_adc.c:1665:19:HAL_ADC_PollForConversion	24	static
stm32wbxx_hal_adc.c:1798:19:HAL_ADC_PollForEvent	24	static
stm32wbxx_hal_adc.c:2326:10:HAL_ADC_GetValue	0	static
stm32wbxx_hal_adc.c:2668:13:HAL_ADC_ConvCpltCallback	0	static
stm32wbxx_hal_adc.c:2683:13:HAL_ADC_ConvHalfCpltCallback	0	static
stm32wbxx_hal_adc.c:3946:6:ADC_DMAHalfConvCplt	8	static
stm32wbxx_hal_adc.c:2698:13:HAL_ADC_LevelOutOfWindowCallback	0	static
stm32wbxx_hal_adc.c:2720:13:HAL_ADC_ErrorCallback	0	static
stm32wbxx_hal_adc.c:2343:6:HAL_ADC_IRQHandler	16	static
stm32wbxx_hal_adc.c:3832:6:ADC_DMAConvCplt	8	static
stm32wbxx_hal_adc.c:3964:6:ADC_DMAError	8	static
stm32wbxx_hal_adc.c:2766:19:HAL_ADC_ConfigChannel	24	static,ignoring_inline_asm
stm32wbxx_hal_adc.c:3164:19:HAL_ADC_AnalogWDGConfig	12	static,ignoring_inline_asm
stm32wbxx_hal_adc.c:3452:10:HAL_ADC_GetState	0	static
stm32wbxx_hal_adc.c:3466:10:HAL_ADC_GetError	0	static
stm32wbxx_hal_adc.c:3498:19:ADC_ConversionStop	16	static
stm32wbxx_hal_adc.c:3673:19:ADC_Enable	24	static
stm32wbxx_hal_adc.c:1516:19:HAL_ADC_Start	8	static
stm32wbxx_hal_adc.c:1946:19:HAL_ADC_Start_IT	8	static
stm32wbxx_hal_adc.c:2114:19:HAL_ADC_Start_DMA	16	static
stm32wbxx_hal_adc.c:3766:19:ADC_Disable	16	static
stm32wbxx_hal_adc.c:942:19:HAL_ADC_DeInit	16	static
stm32wbxx_hal_adc.c:1600:19:HAL_ADC_Stop	8	static
stm32wbxx_hal_adc.c:2053:19:HAL_ADC_Stop_IT	8	static
stm32wbxx_hal_adc.c:2227:19:HAL_ADC_Stop_DMA	16	static
