stm32wbxx_hal_tim_ex.c:2816:13:TIM_CCxNChannelCmd	4	static
stm32wbxx_hal_tim_ex.c:2771:13:TIM_DMAErrorCCxN	8	static
stm32wbxx_hal_tim_ex.c:2712:13:TIM_DMADelayPulseNCplt	8	static
stm32wbxx_hal_tim_ex.c:322:13:HAL_TIMEx_HallSensor_MspInit	0	static
stm32wbxx_hal_tim_ex.c:176:19:HAL_TIMEx_HallSensor_Init	48	static
stm32wbxx_hal_tim_ex.c:337:13:HAL_TIMEx_HallSensor_MspDeInit	0	static
stm32wbxx_hal_tim_ex.c:277:19:HAL_TIMEx_HallSensor_DeInit	8	static
stm32wbxx_hal_tim_ex.c:352:19:HAL_TIMEx_HallSensor_Start	8	static
stm32wbxx_hal_tim_ex.c:406:19:HAL_TIMEx_HallSensor_Stop	8	static
stm32wbxx_hal_tim_ex.c:434:19:HAL_TIMEx_HallSensor_Start_IT	8	static
stm32wbxx_hal_tim_ex.c:491:19:HAL_TIMEx_HallSensor_Stop_IT	8	static
stm32wbxx_hal_tim_ex.c:524:19:HAL_TIMEx_HallSensor_Start_DMA	24	static
stm32wbxx_hal_tim_ex.c:600:19:HAL_TIMEx_HallSensor_Stop_DMA	8	static
stm32wbxx_hal_tim_ex.c:662:19:HAL_TIMEx_OCN_Start	8	static
stm32wbxx_hal_tim_ex.c:713:19:HAL_TIMEx_OCN_Stop	16	static
stm32wbxx_hal_tim_ex.c:745:19:HAL_TIMEx_OCN_Start_IT	8	static
stm32wbxx_hal_tim_ex.c:832:19:HAL_TIMEx_OCN_Stop_IT	16	static
stm32wbxx_hal_tim_ex.c:907:19:HAL_TIMEx_OCN_Start_DMA	16	static
stm32wbxx_hal_tim_ex.c:1044:19:HAL_TIMEx_OCN_Stop_DMA	16	static
stm32wbxx_hal_tim_ex.c:1145:19:HAL_TIMEx_PWMN_Start	8	static
stm32wbxx_hal_tim_ex.c:1195:19:HAL_TIMEx_PWMN_Stop	16	static
stm32wbxx_hal_tim_ex.c:1227:19:HAL_TIMEx_PWMN_Start_IT	8	static
stm32wbxx_hal_tim_ex.c:1313:19:HAL_TIMEx_PWMN_Stop_IT	16	static
stm32wbxx_hal_tim_ex.c:1388:19:HAL_TIMEx_PWMN_Start_DMA	16	static
stm32wbxx_hal_tim_ex.c:1525:19:HAL_TIMEx_PWMN_Stop_DMA	16	static
stm32wbxx_hal_tim_ex.c:1616:19:HAL_TIMEx_OnePulseN_Start	24	static
stm32wbxx_hal_tim_ex.c:1665:19:HAL_TIMEx_OnePulseN_Stop	16	static
stm32wbxx_hal_tim_ex.c:1704:19:HAL_TIMEx_OnePulseN_Start_IT	24	static
stm32wbxx_hal_tim_ex.c:1759:19:HAL_TIMEx_OnePulseN_Stop_IT	16	static
stm32wbxx_hal_tim_ex.c:1839:19:HAL_TIMEx_ConfigCommutEvent	4	static
stm32wbxx_hal_tim_ex.c:1895:19:HAL_TIMEx_ConfigCommutEvent_IT	4	static
stm32wbxx_hal_tim_ex.c:1952:19:HAL_TIMEx_ConfigCommutEvent_DMA	4	static
stm32wbxx_hal_tim_ex.c:2001:19:HAL_TIMEx_MasterConfigSynchronization	8	static
stm32wbxx_hal_tim_ex.c:2074:19:HAL_TIMEx_ConfigBreakDeadTime	4	static
stm32wbxx_hal_tim_ex.c:2156:19:HAL_TIMEx_ConfigBreakInput	16	static
stm32wbxx_hal_tim_ex.c:2314:19:HAL_TIMEx_RemapConfig	8	static
stm32wbxx_hal_tim_ex.c:2370:19:HAL_TIMEx_GroupChannel5	4	static
stm32wbxx_hal_tim_ex.c:2408:19:HAL_TIMEx_DisarmBreakInput	0	static
stm32wbxx_hal_tim_ex.c:2463:19:HAL_TIMEx_ReArmBreakInput	16	static
stm32wbxx_hal_tim_ex.c:2552:13:HAL_TIMEx_CommutCallback	0	static
stm32wbxx_hal_tim_ex.c:2673:6:TIMEx_DMACommutationCplt	8	static
stm32wbxx_hal_tim_ex.c:2566:13:HAL_TIMEx_CommutHalfCpltCallback	0	static
stm32wbxx_hal_tim_ex.c:2692:6:TIMEx_DMACommutationHalfCplt	8	static
stm32wbxx_hal_tim_ex.c:2581:13:HAL_TIMEx_BreakCallback	0	static
stm32wbxx_hal_tim_ex.c:2596:13:HAL_TIMEx_Break2Callback	0	static
stm32wbxx_hal_tim_ex.c:2629:22:HAL_TIMEx_HallSensor_GetState	0	static
stm32wbxx_hal_tim_ex.c:2644:29:HAL_TIMEx_GetChannelNState	0	static
