stm32wbxx_hal_exti.c:141:19:HAL_EXTI_SetConfigLine	16	static
stm32wbxx_hal_exti.c:266:19:HAL_EXTI_GetConfigLine	12	static
stm32wbxx_hal_exti.c:360:19:HAL_EXTI_ClearConfigLine	16	static
stm32wbxx_hal_exti.c:426:19:HAL_EXTI_RegisterCallback	0	static
stm32wbxx_hal_exti.c:452:19:HAL_EXTI_GetHandle	0	static
stm32wbxx_hal_exti.c:493:6:HAL_EXTI_IRQHandler	8	static
stm32wbxx_hal_exti.c:531:10:HAL_EXTI_GetPending	0	static
stm32wbxx_hal_exti.c:567:6:HAL_EXTI_ClearPending	0	static
stm32wbxx_hal_exti.c:595:6:HAL_EXTI_GenerateSWI	0	static
