SensirionI2CTxFrame.cpp:40:1:SensirionI2CTxFrame::SensirionI2CTxFrame(uint8_t*, size_t, size_t, CrcPolynomial)	24	static
SensirionI2CTxFrame.cpp:47:1:SensirionI2CTxFrame::SensirionI2CTxFrame(uint8_t*, size_t, CrcPolynomial)	32	static
SensirionI2CTxFrame.cpp:52:21:static SensirionI2CTxFrame SensirionI2CTxFrame::createWithUInt8Command(uint8_t, uint8_t*, size_t, CrcPolynomial)	32	static
SensirionI2CTxFrame.cpp:60:21:static SensirionI2CTxFrame SensirionI2CTxFrame::createWithUInt16Command(uint16_t, uint8_t*, size_t, CrcPolynomial)	32	static
SensirionI2CTxFrame.cpp:69:10:uint16_t SensirionI2CTxFrame::addCommand(uint16_t)	16	static
SensirionI2CTxFrame.cpp:78:10:uint16_t SensirionI2CTxFrame::addUInt32(uint32_t)	24	static
SensirionI2CTxFrame.cpp:86:10:uint16_t SensirionI2CTxFrame::addInt32(int32_t)	16	static
SensirionI2CTxFrame.cpp:90:10:uint16_t SensirionI2CTxFrame::addUInt16(uint16_t)	24	static
SensirionI2CTxFrame.cpp:96:10:uint16_t SensirionI2CTxFrame::addInt16(int16_t)	16	static
SensirionI2CTxFrame.cpp:100:10:uint16_t SensirionI2CTxFrame::addUInt8(uint8_t)	16	static
SensirionI2CTxFrame.cpp:104:10:uint16_t SensirionI2CTxFrame::addInt8(int8_t)	16	static
SensirionI2CTxFrame.cpp:108:10:uint16_t SensirionI2CTxFrame::addBool(bool)	16	static
SensirionI2CTxFrame.cpp:112:10:uint16_t SensirionI2CTxFrame::addFloat(float)	24	static
SensirionI2CTxFrame.cpp:122:10:uint16_t SensirionI2CTxFrame::addBytes(const uint8_t*, size_t)	32	static
SensirionI2CTxFrame.cpp:131:10:uint16_t SensirionI2CTxFrame::_addByte(uint8_t)	24	static
