stm32wbxx_ll_pwr.h:1663:22:LL_C2_PWR_SetPowerMode	16	static
stm32wbxx_ll_exti.h:391:22:LL_EXTI_EnableIT_32_63	16	static
stm32wbxx_ll_rcc.h:1346:22:LL_RCC_HSE_SetCapacitorTuning	16	static
stm32wbxx_ll_rcc.h:2330:22:LL_RCC_SetClkAfterWakeFromStop	16	static
stm32wbxx_ll_rcc.h:2894:22:LL_RCC_ForceBackupDomainReset	4	static
stm32wbxx_ll_rcc.h:2904:22:LL_RCC_ReleaseBackupDomainReset	4	static
stm32wbxx_ll_rcc.h:4119:26:LL_RCC_IsActiveFlag_PINRST	4	static
stm32wbxx_ll_rcc.h:4129:26:LL_RCC_IsActiveFlag_SFTRST	4	static
stm32wbxx_ll_bus.h:744:22:LL_AHB3_GRP1_EnableClock	24	static
stm32wbxx_ll_system.h:1522:26:LL_DBGMCU_GetRevisionID	4	static
stm32wbxx_ll_ipcc.h:312:22:LL_C1_IPCC_DisableTransmitChannel	16	static
stm32wbxx_ll_ipcc.h:381:22:LL_C1_IPCC_DisableReceiveChannel	16	static
stm32wbxx_ll_ipcc.h:450:22:LL_C2_IPCC_DisableTransmitChannel	16	static
stm32wbxx_ll_ipcc.h:519:22:LL_C2_IPCC_DisableReceiveChannel	16	static
stm32wbxx_ll_ipcc.h:574:22:LL_C1_IPCC_ClearFlag_CHx	16	static
stm32wbxx_ll_ipcc.h:645:22:LL_C2_IPCC_ClearFlag_CHx	16	static
stm32wbxx_ll_cortex.h:311:22:LL_LPM_EnableSleep	4	static
stm32wbxx_ll_rtc.h:1033:22:LL_RTC_EnableWriteProtection	16	static
stm32wbxx_ll_rtc.h:1044:22:LL_RTC_DisableWriteProtection	16	static
stm32wbxx_ll_rtc.h:3008:22:LL_RTC_WAKEUP_SetClock	16	static
app_entry.c:106:6:MX_APPE_Config	8	static
app_entry.c:126:6:MX_APPE_Init	8	static
app_entry.c:150:6:Init_Smps	4	static
app_entry.c:168:6:Init_Exti	8	static
app_entry.c:185:13:Reset_Device	8	static
app_entry.c:197:13:Reset_BackupDomain	8	static
app_entry.c:216:13:Reset_IPCC	8	static
app_entry.c:254:13:Config_HSE	16	static
app_entry.c:270:13:System_Init	8	static
app_entry.c:281:13:Init_Rtc	8	static
app_entry.c:302:13:SystemPower_Config	8	static
app_entry.c:324:13:appe_Tl_Init	40	static
app_entry.c:354:13:APP_BLE_Init	4	static
app_entry.c:358:13:APPE_SysStatusNot	16	static
app_entry.c:385:13:APPE_SysUserEvtRx	40	static
app_entry.c:446:13:APPE_SysEvtError	24	static
app_entry.c:468:13:APPE_SysEvtReadyProcessing	48	static
app_entry.c:540:13:ShciUserEvtProcess	16	static
app_entry.c:565:6:HAL_Delay	24	static,ignoring_inline_asm
app_entry.c:594:6:shci_notify_asynch_evt	16	static
app_entry.c:601:6:shci_cmd_resp_release	16	static
app_entry.c:608:6:shci_cmd_resp_wait	16	static
