app_entry.c:216:13:Reset_IPCC	8	static
app_entry.c:281:13:Init_Rtc	0	static
app_entry.c:197:13:Reset_BackupDomain	8	static
app_entry.c:185:13:Reset_Device	8	static
app_entry.c:254:13:Config_HSE	8	static
app_entry.c:302:13:SystemPower_Config	8	static
app_entry.c:324:13:appe_Tl_Init	40	static
app_entry.c:464:13:APPE_SysEvtReadyProcessing	24	static
app_entry.c:381:13:APPE_SysUserEvtRx	32	static
app_entry.c:354:13:APPE_SysStatusNot	8	static
app_entry.c:536:13:ShciUserEvtProcess	8	static
app_entry.c:106:6:MX_APPE_Config	8	static
app_entry.c:150:6:Init_Smps	0	static
app_entry.c:168:6:Init_Exti	0	static
app_entry.c:270:13:System_Init	8	static
app_entry.c:126:6:MX_APPE_Init	8	static
app_entry.c:561:6:HAL_Delay	16	static,ignoring_inline_asm
app_entry.c:590:6:shci_notify_asynch_evt	8	static
app_entry.c:597:6:shci_cmd_resp_release	8	static
app_entry.c:604:6:shci_cmd_resp_wait	8	static
