stm32wbxx_it.c:77:6:NMI_Handler	4	static
stm32wbxx_it.c:92:6:HardFault_Handler	4	static
stm32wbxx_it.c:107:6:MemManage_Handler	4	static
stm32wbxx_it.c:122:6:BusFault_Handler	4	static
stm32wbxx_it.c:137:6:UsageFault_Handler	4	static
stm32wbxx_it.c:152:6:DebugMon_Handler	4	static
stm32wbxx_it.c:172:6:EXTI2_IRQHandler	8	static
stm32wbxx_it.c:186:6:DMA1_Channel1_IRQHandler	8	static
stm32wbxx_it.c:200:6:USB_LP_IRQHandler	8	static
stm32wbxx_it.c:214:6:TIM1_UP_TIM16_IRQHandler	8	static
stm32wbxx_it.c:229:6:TIM2_IRQHandler	8	static
stm32wbxx_it.c:243:6:I2C1_EV_IRQHandler	8	static
stm32wbxx_it.c:257:6:I2C3_EV_IRQHandler	8	static
stm32wbxx_it.c:271:6:IPCC_C1_RX_IRQHandler	8	static
stm32wbxx_it.c:285:6:IPCC_C1_TX_IRQHandler	8	static
stm32wbxx_it.c:299:6:HSEM_IRQHandler	8	static
