stm32wbxx_it.c:74:6:NMI_Handler	4	static
stm32wbxx_it.c:89:6:HardFault_Handler	4	static
stm32wbxx_it.c:104:6:MemManage_Handler	4	static
stm32wbxx_it.c:119:6:BusFault_Handler	4	static
stm32wbxx_it.c:134:6:UsageFault_Handler	4	static
stm32wbxx_it.c:149:6:DebugMon_Handler	4	static
stm32wbxx_it.c:169:6:USB_LP_IRQHandler	8	static
stm32wbxx_it.c:183:6:TIM1_UP_TIM16_IRQHandler	8	static
stm32wbxx_it.c:198:6:I2C1_EV_IRQHandler	8	static
stm32wbxx_it.c:212:6:I2C3_EV_IRQHandler	8	static
stm32wbxx_it.c:226:6:HSEM_IRQHandler	8	static
