CaliPile.h:87:7:CALIPILE::CALIPILE()	16	static
thermopile.cpp:69:6:void Thermopile_Task(void*)	24	static
thermopile.cpp:129:6:void initThermopiles(CALIPILE*, uint8_t, I2C_HandleTypeDef*, uint8_t)	32	static
thermopile.cpp:151:6:void queueThermopilePkt(thermopile_packet*)	24	static
thermopile.cpp:170:6:void grabThermopileSamples(thermopile_packet*, CALIPILE*)	16	static
thermopile.cpp:179:13:void triggerThermopileSample(void*)	16	static
thermopile.cpp:181:1:void __static_initialization_and_destruction_0(int, int)	16	static
thermopile.cpp:181:1:cpp)	8	static
