stm32wbxx_ll_bus.h:539:22:LL_AHB2_GRP1_EnableClock	24	static
stm32wbxx_ll_bus.h:939:22:LL_APB1_GRP1_EnableClock	24	static
stm32wbxx_ll_bus.h:1038:22:LL_APB1_GRP1_DisableClock	16	static
stm32wbxx_ll_bus.h:1274:22:LL_APB2_GRP1_EnableClock	24	static
stm32wbxx_ll_bus.h:1328:22:LL_APB2_GRP1_DisableClock	16	static
tim.c:32:6:MX_TIM2_Init	64	static
tim.c:85:6:MX_TIM16_Init	88	static
tim.c:143:6:MX_TIM17_Init	8	static
tim.c:170:6:HAL_TIM_Base_MspInit	16	static
tim.c:219:6:HAL_TIM_MspPostInit	40	static
tim.c:247:6:HAL_TIM_Base_MspDeInit	16	static
