Adafruit_ICM20948.cpp:125:6:virtual void Adafruit_ICM20948::scaleValues()	8	static
Adafruit_ICM20948.cpp:26:6:virtual bool Adafruit_ICM20948::begin_I2C(uint8_t, I2C_HandleTypeDef*, int32_t)	16	static
Adafruit_ICM20948.cpp:12:1:Adafruit_ICM20948::Adafruit_ICM20948()	8	static
Adafruit_ICM20948.cpp:60:9:uint8_t Adafruit_ICM20948::getMagId()	8	static
Adafruit_ICM20948.cpp:46:6:bool Adafruit_ICM20948::auxI2CBusSetupFailed()	16	static
Adafruit_ICM20948.cpp:117:9:uint8_t Adafruit_ICM20948::readMagRegister(uint8_t)	8	static
Adafruit_ICM20948.cpp:121:6:bool Adafruit_ICM20948::writeMagRegister(uint8_t, uint8_t)	8	static
Adafruit_ICM20948.cpp:170:24:icm20948_accel_range_t Adafruit_ICM20948::getAccelRange()	8	static
Adafruit_ICM20948.cpp:182:6:void Adafruit_ICM20948::setAccelRange(icm20948_accel_range_t)	8	static
Adafruit_ICM20948.cpp:191:23:icm20948_gyro_range_t Adafruit_ICM20948::getGyroRange()	8	static
Adafruit_ICM20948.cpp:203:6:void Adafruit_ICM20948::setGyroRange(icm20948_gyro_range_t)	8	static
Adafruit_ICM20948.cpp:212:21:ak09916_data_rate_t Adafruit_ICM20948::getMagDataRate()	8	static
Adafruit_ICM20948.cpp:224:6:bool Adafruit_ICM20948::setMagDataRate(ak09916_data_rate_t)	16	static
Adafruit_ICM20948.cpp:65:6:bool Adafruit_ICM20948::setupMag()	16	static
Adafruit_ICM20948.cpp:241:6:bool Adafruit_ICM20948::getSample(imu_sample*)	16	static
